-- Logs begin at Tue 2017-08-29 05:37:47 CEST, end at Tue 2017-08-29 21:52:03 CEST. --
Aug 29 05:37:47 merkur kernel: [0;1;39mLinux version 4.12.0-1-amd64 (debian-kernel@lists.debian.org) (gcc version 6.4.0 20170805 (Debian 6.4.0-3) ) #1 SMP Debian 4.12.6-1 (2017-08-12)[0m
Aug 29 05:37:47 merkur kernel: Command line: BOOT_IMAGE=/vmlinuz-4.12.0-1-amd64 root=UUID=6744677c-61b2-4d62-bced-d9f30a0e68e3 ro quiet
Aug 29 05:37:47 merkur kernel: x86/fpu: Supporting XSAVE feature 0x001: 'x87 floating point registers'
Aug 29 05:37:47 merkur kernel: x86/fpu: Supporting XSAVE feature 0x002: 'SSE registers'
Aug 29 05:37:47 merkur kernel: x86/fpu: Supporting XSAVE feature 0x004: 'AVX registers'
Aug 29 05:37:47 merkur kernel: x86/fpu: xstate_offset[2]:  576, xstate_sizes[2]:  256
Aug 29 05:37:47 merkur kernel: x86/fpu: Enabled xstate features 0x7, context size is 832 bytes, using 'standard' format.
Aug 29 05:37:47 merkur kernel: e820: BIOS-provided physical RAM map:
Aug 29 05:37:47 merkur kernel: BIOS-e820: [mem 0x0000000000000000-0x000000000009ebff] usable
Aug 29 05:37:47 merkur kernel: BIOS-e820: [mem 0x000000000009ec00-0x000000000009ffff] reserved
Aug 29 05:37:47 merkur kernel: BIOS-e820: [mem 0x00000000000e0000-0x00000000000fffff] reserved
Aug 29 05:37:47 merkur kernel: BIOS-e820: [mem 0x0000000000100000-0x00000000beecafff] usable
Aug 29 05:37:47 merkur kernel: BIOS-e820: [mem 0x00000000beecb000-0x00000000bef51fff] ACPI NVS
Aug 29 05:37:47 merkur kernel: BIOS-e820: [mem 0x00000000bef52000-0x00000000bf032fff] reserved
Aug 29 05:37:47 merkur kernel: BIOS-e820: [mem 0x00000000bf033000-0x00000000bf034fff] usable
Aug 29 05:37:47 merkur kernel: BIOS-e820: [mem 0x00000000bf035000-0x00000000bf03dfff] ACPI data
Aug 29 05:37:47 merkur kernel: BIOS-e820: [mem 0x00000000bf03e000-0x00000000bf2a3fff] reserved
Aug 29 05:37:47 merkur kernel: BIOS-e820: [mem 0x00000000bf2a4000-0x00000000bf2a4fff] usable
Aug 29 05:37:47 merkur kernel: BIOS-e820: [mem 0x00000000bf2a5000-0x00000000bf2b4fff] reserved
Aug 29 05:37:47 merkur kernel: BIOS-e820: [mem 0x00000000bf2b5000-0x00000000bf2b5fff] ACPI NVS
Aug 29 05:37:47 merkur kernel: BIOS-e820: [mem 0x00000000bf2b6000-0x00000000bf2b6fff] usable
Aug 29 05:37:47 merkur kernel: BIOS-e820: [mem 0x00000000bf2b7000-0x00000000bf2c2fff] ACPI NVS
Aug 29 05:37:47 merkur kernel: BIOS-e820: [mem 0x00000000bf2c3000-0x00000000bf2e9fff] reserved
Aug 29 05:37:47 merkur kernel: BIOS-e820: [mem 0x00000000bf2ea000-0x00000000bf4ecfff] ACPI NVS
Aug 29 05:37:47 merkur kernel: BIOS-e820: [mem 0x00000000bf4ed000-0x00000000bf779fff] usable
Aug 29 05:37:47 merkur kernel: BIOS-e820: [mem 0x00000000bf77a000-0x00000000bfeebfff] reserved
Aug 29 05:37:47 merkur kernel: BIOS-e820: [mem 0x00000000bfeec000-0x00000000bfefffff] usable
Aug 29 05:37:47 merkur kernel: BIOS-e820: [mem 0x00000000fec00000-0x00000000fec00fff] reserved
Aug 29 05:37:47 merkur kernel: BIOS-e820: [mem 0x00000000fec10000-0x00000000fec10fff] reserved
Aug 29 05:37:47 merkur kernel: BIOS-e820: [mem 0x00000000fec20000-0x00000000fec20fff] reserved
Aug 29 05:37:47 merkur kernel: BIOS-e820: [mem 0x00000000fed00000-0x00000000fed00fff] reserved
Aug 29 05:37:47 merkur kernel: BIOS-e820: [mem 0x00000000fed61000-0x00000000fed70fff] reserved
Aug 29 05:37:47 merkur kernel: BIOS-e820: [mem 0x00000000fed80000-0x00000000fed8ffff] reserved
Aug 29 05:37:47 merkur kernel: BIOS-e820: [mem 0x00000000fef00000-0x00000000ffffffff] reserved
Aug 29 05:37:47 merkur kernel: BIOS-e820: [mem 0x0000000100001000-0x000000043effffff] usable
Aug 29 05:37:47 merkur kernel: NX (Execute Disable) protection: active
Aug 29 05:37:47 merkur kernel: SMBIOS 2.7 present.
Aug 29 05:37:47 merkur kernel: DMI: MSI MS-7640/990FXA-GD80 (MS-7640), BIOS V11.13 10/09/2012
Aug 29 05:37:47 merkur kernel: tsc: Fast TSC calibration using PIT
Aug 29 05:37:47 merkur kernel: e820: update [mem 0x00000000-0x00000fff] usable ==> reserved
Aug 29 05:37:47 merkur kernel: e820: remove [mem 0x000a0000-0x000fffff] usable
Aug 29 05:37:47 merkur kernel: AGP: No AGP bridge found
Aug 29 05:37:47 merkur kernel: e820: last_pfn = 0x43f000 max_arch_pfn = 0x400000000
Aug 29 05:37:47 merkur kernel: MTRR default type: uncachable
Aug 29 05:37:47 merkur kernel: MTRR fixed ranges enabled:
Aug 29 05:37:47 merkur kernel:   00000-9FFFF write-back
Aug 29 05:37:47 merkur kernel:   A0000-BFFFF write-through
Aug 29 05:37:47 merkur kernel:   C0000-CEFFF write-protect
Aug 29 05:37:47 merkur kernel:   CF000-EBFFF uncachable
Aug 29 05:37:47 merkur kernel:   EC000-FFFFF write-protect
Aug 29 05:37:47 merkur kernel: MTRR variable ranges enabled:
Aug 29 05:37:47 merkur kernel:   0 base 000000000000 mask FFFF80000000 write-back
Aug 29 05:37:47 merkur kernel:   1 base 000080000000 mask FFFFC0000000 write-back
Aug 29 05:37:47 merkur kernel:   2 base 0000BFF00000 mask FFFFFFF00000 uncachable
Aug 29 05:37:47 merkur kernel:   3 disabled
Aug 29 05:37:47 merkur kernel:   4 disabled
Aug 29 05:37:47 merkur kernel:   5 disabled
Aug 29 05:37:47 merkur kernel:   6 disabled
Aug 29 05:37:47 merkur kernel:   7 disabled
Aug 29 05:37:47 merkur kernel: TOM2: 000000043f000000 aka 17392M
Aug 29 05:37:47 merkur kernel: x86/PAT: Configuration [0-7]: WB  WC  UC- UC  WB  WC  UC- WT  
Aug 29 05:37:47 merkur kernel: e820: update [mem 0xbff00000-0xffffffff] usable ==> reserved
Aug 29 05:37:47 merkur kernel: e820: last_pfn = 0xbff00 max_arch_pfn = 0x400000000
Aug 29 05:37:47 merkur kernel: found SMP MP-table at [mem 0x000fce90-0x000fce9f] mapped at [ffff8a9e400fce90]
Aug 29 05:37:47 merkur kernel: Base memory trampoline at [ffff8a9e40098000] 98000 size 24576
Aug 29 05:37:47 merkur kernel: Using GB pages for direct mapping
Aug 29 05:37:47 merkur kernel: BRK [0x22b154000, 0x22b154fff] PGTABLE
Aug 29 05:37:47 merkur kernel: BRK [0x22b155000, 0x22b155fff] PGTABLE
Aug 29 05:37:47 merkur kernel: BRK [0x22b156000, 0x22b156fff] PGTABLE
Aug 29 05:37:47 merkur kernel: BRK [0x22b157000, 0x22b157fff] PGTABLE
Aug 29 05:37:47 merkur kernel: BRK [0x22b158000, 0x22b158fff] PGTABLE
Aug 29 05:37:47 merkur kernel: BRK [0x22b159000, 0x22b159fff] PGTABLE
Aug 29 05:37:47 merkur kernel: BRK [0x22b15a000, 0x22b15afff] PGTABLE
Aug 29 05:37:47 merkur kernel: BRK [0x22b15b000, 0x22b15bfff] PGTABLE
Aug 29 05:37:47 merkur kernel: BRK [0x22b15c000, 0x22b15cfff] PGTABLE
Aug 29 05:37:47 merkur kernel: BRK [0x22b15d000, 0x22b15dfff] PGTABLE
Aug 29 05:37:47 merkur kernel: BRK [0x22b15e000, 0x22b15efff] PGTABLE
Aug 29 05:37:47 merkur kernel: BRK [0x22b15f000, 0x22b15ffff] PGTABLE
Aug 29 05:37:47 merkur kernel: RAMDISK: [mem 0x3571f000-0x36b86fff]
Aug 29 05:37:47 merkur kernel: ACPI: Early table checksum verification disabled
Aug 29 05:37:47 merkur kernel: ACPI: RSDP 0x00000000000F0450 000024 (v02 ALASKA)
Aug 29 05:37:47 merkur kernel: ACPI: XSDT 0x00000000BF035068 00004C (v01 ALASKA A M I    01072009 AMI  00010013)
Aug 29 05:37:47 merkur kernel: ACPI: FACP 0x00000000BF03BCD0 0000F4 (v04 ALASKA A M I    01072009 AMI  00010013)
Aug 29 05:37:47 merkur kernel: [0;1;39mACPI BIOS Warning (bug): Optional FADT field Pm2ControlBlock has valid Length but zero Address: 0x0000000000000000/0x1 (20170303/tbfadt-658)[0m
Aug 29 05:37:47 merkur kernel: ACPI: DSDT 0x00000000BF035140 006B8B (v02 ALASKA A M I    00000000 INTL 20051117)
Aug 29 05:37:47 merkur kernel: ACPI: FACS 0x00000000BF2BDF80 000040
Aug 29 05:37:47 merkur kernel: ACPI: APIC 0x00000000BF03BDC8 00009E (v03 ALASKA A M I    01072009 AMI  00010013)
Aug 29 05:37:47 merkur kernel: ACPI: MCFG 0x00000000BF03BE68 00003C (v01 ALASKA A M I    01072009 MSFT 00010013)
Aug 29 05:37:47 merkur kernel: ACPI: HPET 0x00000000BF03BEA8 000038 (v01 ALASKA A M I    01072009 AMI  00000004)
Aug 29 05:37:47 merkur kernel: ACPI: SSDT 0x00000000BF03BEE0 001158 (v01 AMD    POWERNOW 00000001 AMD  00000001)
Aug 29 05:37:47 merkur kernel: ACPI: Local APIC address 0xfee00000
Aug 29 05:37:47 merkur kernel: No NUMA configuration found
Aug 29 05:37:47 merkur kernel: Faking a node at [mem 0x0000000000000000-0x000000043effffff]
Aug 29 05:37:47 merkur kernel: NODE_DATA(0) allocated [mem 0x43eff9000-0x43effdfff]
Aug 29 05:37:47 merkur kernel: Zone ranges:
Aug 29 05:37:47 merkur kernel:   DMA      [mem 0x0000000000001000-0x0000000000ffffff]
Aug 29 05:37:47 merkur kernel:   DMA32    [mem 0x0000000001000000-0x00000000ffffffff]
Aug 29 05:37:47 merkur kernel:   Normal   [mem 0x0000000100000000-0x000000043effffff]
Aug 29 05:37:47 merkur kernel:   Device   empty
Aug 29 05:37:47 merkur kernel: Movable zone start for each node
Aug 29 05:37:47 merkur kernel: Early memory node ranges
Aug 29 05:37:47 merkur kernel:   node   0: [mem 0x0000000000001000-0x000000000009dfff]
Aug 29 05:37:47 merkur kernel:   node   0: [mem 0x0000000000100000-0x00000000beecafff]
Aug 29 05:37:47 merkur kernel:   node   0: [mem 0x00000000bf033000-0x00000000bf034fff]
Aug 29 05:37:47 merkur kernel:   node   0: [mem 0x00000000bf2a4000-0x00000000bf2a4fff]
Aug 29 05:37:47 merkur kernel:   node   0: [mem 0x00000000bf2b6000-0x00000000bf2b6fff]
Aug 29 05:37:47 merkur kernel:   node   0: [mem 0x00000000bf4ed000-0x00000000bf779fff]
Aug 29 05:37:47 merkur kernel:   node   0: [mem 0x00000000bfeec000-0x00000000bfefffff]
Aug 29 05:37:47 merkur kernel:   node   0: [mem 0x0000000100001000-0x000000043effffff]
Aug 29 05:37:47 merkur kernel: Initmem setup node 0 [mem 0x0000000000001000-0x000000043effffff]
Aug 29 05:37:47 merkur kernel: On node 0 totalpages: 4186380
Aug 29 05:37:47 merkur kernel:   DMA zone: 64 pages used for memmap
Aug 29 05:37:47 merkur kernel:   DMA zone: 21 pages reserved
Aug 29 05:37:47 merkur kernel:   DMA zone: 3997 pages, LIFO batch:0
Aug 29 05:37:47 merkur kernel:   DMA32 zone: 12166 pages used for memmap
Aug 29 05:37:47 merkur kernel:   DMA32 zone: 778608 pages, LIFO batch:31
Aug 29 05:37:47 merkur kernel:   Normal zone: 53184 pages used for memmap
Aug 29 05:37:47 merkur kernel:   Normal zone: 3403775 pages, LIFO batch:31
Aug 29 05:37:47 merkur kernel: ACPI: PM-Timer IO Port: 0x808
Aug 29 05:37:47 merkur kernel: ACPI: Local APIC address 0xfee00000
Aug 29 05:37:47 merkur kernel: ACPI: LAPIC_NMI (acpi_id[0xff] high edge lint[0x1])
Aug 29 05:37:47 merkur kernel: IOAPIC[0]: apic_id 7, version 33, address 0xfec00000, GSI 0-23
Aug 29 05:37:47 merkur kernel: IOAPIC[1]: apic_id 8, version 33, address 0xfec20000, GSI 24-55
Aug 29 05:37:47 merkur kernel: ACPI: INT_SRC_OVR (bus 0 bus_irq 0 global_irq 2 dfl dfl)
Aug 29 05:37:47 merkur kernel: ACPI: INT_SRC_OVR (bus 0 bus_irq 9 global_irq 9 low level)
Aug 29 05:37:47 merkur kernel: ACPI: IRQ0 used by override.
Aug 29 05:37:47 merkur kernel: ACPI: IRQ9 used by override.
Aug 29 05:37:47 merkur kernel: Using ACPI (MADT) for SMP configuration information
Aug 29 05:37:47 merkur kernel: ACPI: HPET id: 0x43538210 base: 0xfed00000
Aug 29 05:37:47 merkur kernel: smpboot: Allowing 8 CPUs, 2 hotplug CPUs
Aug 29 05:37:47 merkur kernel: PM: Registered nosave memory: [mem 0x00000000-0x00000fff]
Aug 29 05:37:47 merkur kernel: PM: Registered nosave memory: [mem 0x0009e000-0x0009efff]
Aug 29 05:37:47 merkur kernel: PM: Registered nosave memory: [mem 0x0009f000-0x0009ffff]
Aug 29 05:37:47 merkur kernel: PM: Registered nosave memory: [mem 0x000a0000-0x000dffff]
Aug 29 05:37:47 merkur kernel: PM: Registered nosave memory: [mem 0x000e0000-0x000fffff]
Aug 29 05:37:47 merkur kernel: PM: Registered nosave memory: [mem 0xbeecb000-0xbef51fff]
Aug 29 05:37:47 merkur kernel: PM: Registered nosave memory: [mem 0xbef52000-0xbf032fff]
Aug 29 05:37:47 merkur kernel: PM: Registered nosave memory: [mem 0xbf035000-0xbf03dfff]
Aug 29 05:37:47 merkur kernel: PM: Registered nosave memory: [mem 0xbf03e000-0xbf2a3fff]
Aug 29 05:37:47 merkur kernel: PM: Registered nosave memory: [mem 0xbf2a5000-0xbf2b4fff]
Aug 29 05:37:47 merkur kernel: PM: Registered nosave memory: [mem 0xbf2b5000-0xbf2b5fff]
Aug 29 05:37:47 merkur kernel: PM: Registered nosave memory: [mem 0xbf2b7000-0xbf2c2fff]
Aug 29 05:37:47 merkur kernel: PM: Registered nosave memory: [mem 0xbf2c3000-0xbf2e9fff]
Aug 29 05:37:47 merkur kernel: PM: Registered nosave memory: [mem 0xbf2ea000-0xbf4ecfff]
Aug 29 05:37:47 merkur kernel: PM: Registered nosave memory: [mem 0xbf77a000-0xbfeebfff]
Aug 29 05:37:47 merkur kernel: PM: Registered nosave memory: [mem 0xbff00000-0xfebfffff]
Aug 29 05:37:47 merkur kernel: PM: Registered nosave memory: [mem 0xfec00000-0xfec00fff]
Aug 29 05:37:47 merkur kernel: PM: Registered nosave memory: [mem 0xfec01000-0xfec0ffff]
Aug 29 05:37:47 merkur kernel: PM: Registered nosave memory: [mem 0xfec10000-0xfec10fff]
Aug 29 05:37:47 merkur kernel: PM: Registered nosave memory: [mem 0xfec11000-0xfec1ffff]
Aug 29 05:37:47 merkur kernel: PM: Registered nosave memory: [mem 0xfec20000-0xfec20fff]
Aug 29 05:37:47 merkur kernel: PM: Registered nosave memory: [mem 0xfec21000-0xfecfffff]
Aug 29 05:37:47 merkur kernel: PM: Registered nosave memory: [mem 0xfed00000-0xfed00fff]
Aug 29 05:37:47 merkur kernel: PM: Registered nosave memory: [mem 0xfed01000-0xfed60fff]
Aug 29 05:37:47 merkur kernel: PM: Registered nosave memory: [mem 0xfed61000-0xfed70fff]
Aug 29 05:37:47 merkur kernel: PM: Registered nosave memory: [mem 0xfed71000-0xfed7ffff]
Aug 29 05:37:47 merkur kernel: PM: Registered nosave memory: [mem 0xfed80000-0xfed8ffff]
Aug 29 05:37:47 merkur kernel: PM: Registered nosave memory: [mem 0xfed90000-0xfeefffff]
Aug 29 05:37:47 merkur kernel: PM: Registered nosave memory: [mem 0xfef00000-0xffffffff]
Aug 29 05:37:47 merkur kernel: PM: Registered nosave memory: [mem 0x100000000-0x100000fff]
Aug 29 05:37:47 merkur kernel: e820: [mem 0xbff00000-0xfebfffff] available for PCI devices
Aug 29 05:37:47 merkur kernel: Booting paravirtualized kernel on bare hardware
Aug 29 05:37:47 merkur kernel: clocksource: refined-jiffies: mask: 0xffffffff max_cycles: 0xffffffff, max_idle_ns: 7645519600211568 ns
Aug 29 05:37:47 merkur kernel: setup_percpu: NR_CPUS:512 nr_cpumask_bits:512 nr_cpu_ids:8 nr_node_ids:1
Aug 29 05:37:47 merkur kernel: percpu: Embedded 38 pages/cpu @ffff8aa27ec00000 s114776 r8192 d32680 u262144
Aug 29 05:37:47 merkur kernel: pcpu-alloc: s114776 r8192 d32680 u262144 alloc=1*2097152
Aug 29 05:37:47 merkur kernel: pcpu-alloc: [0] 0 1 2 3 4 5 6 7 
Aug 29 05:37:47 merkur kernel: Built 1 zonelists in Node order, mobility grouping on.  Total pages: 4120945
Aug 29 05:37:47 merkur kernel: Policy zone: Normal
Aug 29 05:37:47 merkur kernel: [0;1;39mKernel command line: BOOT_IMAGE=/vmlinuz-4.12.0-1-amd64 root=UUID=6744677c-61b2-4d62-bced-d9f30a0e68e3 ro quiet[0m
Aug 29 05:37:47 merkur kernel: PID hash table entries: 4096 (order: 3, 32768 bytes)
Aug 29 05:37:47 merkur kernel: AGP: Checking aperture...
Aug 29 05:37:47 merkur kernel: AGP: No AGP bridge found
Aug 29 05:37:47 merkur kernel: AGP: Node 0: aperture [bus addr 0xe5e8000000-0xe5e9ffffff] (32MB)
Aug 29 05:37:47 merkur kernel: Aperture beyond 4GB. Ignoring.
Aug 29 05:37:47 merkur kernel: AGP: Your BIOS doesn't leave an aperture memory hole
Aug 29 05:37:47 merkur kernel: AGP: Please enable the IOMMU option in the BIOS setup
Aug 29 05:37:47 merkur kernel: AGP: This costs you 64MB of RAM
Aug 29 05:37:47 merkur kernel: AGP: Mapping aperture over RAM [mem 0xb4000000-0xb7ffffff] (65536KB)
Aug 29 05:37:47 merkur kernel: PM: Registered nosave memory: [mem 0xb4000000-0xb7ffffff]
Aug 29 05:37:47 merkur kernel: Memory: 16313856K/16745520K available (6481K kernel code, 1145K rwdata, 2908K rodata, 1468K init, 704K bss, 431664K reserved, 0K cma-reserved)
Aug 29 05:37:47 merkur kernel: ftrace: allocating 28155 entries in 110 pages
Aug 29 05:37:47 merkur kernel: Hierarchical RCU implementation.
Aug 29 05:37:47 merkur kernel:         RCU restricting CPUs from NR_CPUS=512 to nr_cpu_ids=8.
Aug 29 05:37:47 merkur kernel: RCU: Adjusting geometry for rcu_fanout_leaf=16, nr_cpu_ids=8
Aug 29 05:37:47 merkur kernel: NR_IRQS:33024 nr_irqs:1032 16
Aug 29 05:37:47 merkur kernel: spurious 8259A interrupt: IRQ7.
Aug 29 05:37:47 merkur kernel: Console: colour VGA+ 80x25
Aug 29 05:37:47 merkur kernel: console [tty0] enabled
Aug 29 05:37:47 merkur kernel: clocksource: hpet: mask: 0xffffffff max_cycles: 0xffffffff, max_idle_ns: 133484873504 ns
Aug 29 05:37:47 merkur kernel: hpet clockevent registered
Aug 29 05:37:47 merkur kernel: tsc: Fast TSC calibration using PIT
Aug 29 05:37:47 merkur kernel: tsc: Detected 3300.277 MHz processor
Aug 29 05:37:47 merkur kernel: Calibrating delay loop (skipped), value calculated using timer frequency.. 6600.55 BogoMIPS (lpj=13201108)
Aug 29 05:37:47 merkur kernel: pid_max: default: 32768 minimum: 301
Aug 29 05:37:47 merkur kernel: ACPI: Core revision 20170303
Aug 29 05:37:47 merkur kernel: ACPI: 2 ACPI AML tables successfully acquired and loaded
Aug 29 05:37:47 merkur kernel: Security Framework initialized
Aug 29 05:37:47 merkur kernel: Yama: disabled by default; enable with sysctl kernel.yama.*
Aug 29 05:37:47 merkur kernel: AppArmor: AppArmor disabled by boot time parameter
Aug 29 05:37:47 merkur kernel: Dentry cache hash table entries: 2097152 (order: 12, 16777216 bytes)
Aug 29 05:37:47 merkur kernel: Inode-cache hash table entries: 1048576 (order: 11, 8388608 bytes)
Aug 29 05:37:47 merkur kernel: Mount-cache hash table entries: 32768 (order: 6, 262144 bytes)
Aug 29 05:37:47 merkur kernel: Mountpoint-cache hash table entries: 32768 (order: 6, 262144 bytes)
Aug 29 05:37:47 merkur kernel: CPU: Physical Processor ID: 0
Aug 29 05:37:47 merkur kernel: CPU: Processor Core ID: 0
Aug 29 05:37:47 merkur kernel: mce: CPU supports 7 MCE banks
Aug 29 05:37:47 merkur kernel: LVT offset 1 assigned for vector 0xf9
Aug 29 05:37:47 merkur kernel: Last level iTLB entries: 4KB 512, 2MB 1024, 4MB 512
Aug 29 05:37:47 merkur kernel: Last level dTLB entries: 4KB 1024, 2MB 1024, 4MB 512, 1GB 0
Aug 29 05:37:47 merkur kernel: Freeing SMP alternatives memory: 24K
Aug 29 05:37:47 merkur kernel: smpboot: Max logical packages: 2
Aug 29 05:37:47 merkur kernel: ..TIMER: vector=0x30 apic1=0 pin1=2 apic2=-1 pin2=-1
Aug 29 05:37:47 merkur kernel: smpboot: CPU0: AMD FX(tm)-6100 Six-Core Processor (family: 0x15, model: 0x1, stepping: 0x2)
Aug 29 05:37:47 merkur kernel: Performance Events: Fam15h core perfctr, AMD PMU driver.
Aug 29 05:37:47 merkur kernel: ... version:                0
Aug 29 05:37:47 merkur kernel: ... bit width:              48
Aug 29 05:37:47 merkur kernel: ... generic registers:      6
Aug 29 05:37:47 merkur kernel: ... value mask:             0000ffffffffffff
Aug 29 05:37:47 merkur kernel: ... max period:             00007fffffffffff
Aug 29 05:37:47 merkur kernel: ... fixed-purpose events:   0
Aug 29 05:37:47 merkur kernel: ... event mask:             000000000000003f
Aug 29 05:37:47 merkur kernel: smp: Bringing up secondary CPUs ...
Aug 29 05:37:47 merkur kernel: x86: Booting SMP configuration:
Aug 29 05:37:47 merkur kernel: .... node  #0, CPUs:      #1
Aug 29 05:37:47 merkur kernel: NMI watchdog: enabled on all CPUs, permanently consumes one hw-PMU counter.
Aug 29 05:37:47 merkur kernel: [0;1;39m #2 #3 #4 #5[0m
Aug 29 05:37:47 merkur kernel: smp: Brought up 1 node, 6 CPUs
Aug 29 05:37:47 merkur kernel: smpboot: Total of 6 processors activated (39602.38 BogoMIPS)
Aug 29 05:37:47 merkur kernel: sched_clock: Marking stable (464000000, 0)->(592417273, -128417273)
Aug 29 05:37:47 merkur kernel: devtmpfs: initialized
Aug 29 05:37:47 merkur kernel: x86/mm: Memory block size: 128MB
Aug 29 05:37:47 merkur kernel: PM: Registering ACPI NVS region [mem 0xbeecb000-0xbef51fff] (552960 bytes)
Aug 29 05:37:47 merkur kernel: PM: Registering ACPI NVS region [mem 0xbf2b5000-0xbf2b5fff] (4096 bytes)
Aug 29 05:37:47 merkur kernel: PM: Registering ACPI NVS region [mem 0xbf2b7000-0xbf2c2fff] (49152 bytes)
Aug 29 05:37:47 merkur kernel: PM: Registering ACPI NVS region [mem 0xbf2ea000-0xbf4ecfff] (2109440 bytes)
Aug 29 05:37:47 merkur kernel: clocksource: jiffies: mask: 0xffffffff max_cycles: 0xffffffff, max_idle_ns: 7645041785100000 ns
Aug 29 05:37:47 merkur kernel: futex hash table entries: 2048 (order: 5, 131072 bytes)
Aug 29 05:37:47 merkur kernel: pinctrl core: initialized pinctrl subsystem
Aug 29 05:37:47 merkur kernel: NET: Registered protocol family 16
Aug 29 05:37:47 merkur kernel: cpuidle: using governor ladder
Aug 29 05:37:47 merkur kernel: cpuidle: using governor menu
Aug 29 05:37:47 merkur kernel: [0;1;39mPCCT header not found.[0m
Aug 29 05:37:47 merkur kernel: ACPI: bus type PCI registered
Aug 29 05:37:47 merkur kernel: acpiphp: ACPI Hot Plug PCI Controller Driver version: 0.5
Aug 29 05:37:47 merkur kernel: PCI: MMCONFIG for domain 0000 [bus 00-ff] at [mem 0xe0000000-0xefffffff] (base 0xe0000000)
Aug 29 05:37:47 merkur kernel: PCI: not using MMCONFIG
Aug 29 05:37:47 merkur kernel: PCI: Using configuration type 1 for base access
Aug 29 05:37:47 merkur kernel: PCI: Using configuration type 1 for extended access
Aug 29 05:37:47 merkur kernel: [0;1;39mmtrr: your CPUs had inconsistent variable MTRR settings[0m
Aug 29 05:37:47 merkur kernel: mtrr: probably your BIOS does not setup all CPUs.
Aug 29 05:37:47 merkur kernel: mtrr: corrected configuration.
Aug 29 05:37:47 merkur kernel: HugeTLB registered 1 GB page size, pre-allocated 0 pages
Aug 29 05:37:47 merkur kernel: HugeTLB registered 2 MB page size, pre-allocated 0 pages
Aug 29 05:37:47 merkur kernel: ACPI: Added _OSI(Module Device)
Aug 29 05:37:47 merkur kernel: ACPI: Added _OSI(Processor Device)
Aug 29 05:37:47 merkur kernel: ACPI: Added _OSI(3.0 _SCP Extensions)
Aug 29 05:37:47 merkur kernel: ACPI: Added _OSI(Processor Aggregator Device)
Aug 29 05:37:47 merkur kernel: ACPI: Executed 2 blocks of module-level executable AML code
Aug 29 05:37:47 merkur kernel: ACPI: Interpreter enabled
Aug 29 05:37:47 merkur kernel: ACPI: (supports S0 S1 S3 S4 S5)
Aug 29 05:37:47 merkur kernel: ACPI: Using IOAPIC for interrupt routing
Aug 29 05:37:47 merkur kernel: PCI: MMCONFIG for domain 0000 [bus 00-ff] at [mem 0xe0000000-0xefffffff] (base 0xe0000000)
Aug 29 05:37:47 merkur kernel: PCI: MMCONFIG at [mem 0xe0000000-0xefffffff] reserved in ACPI motherboard resources
Aug 29 05:37:47 merkur kernel: PCI: Using host bridge windows from ACPI; if necessary, use "pci=nocrs" and report a bug
Aug 29 05:37:47 merkur kernel: ACPI: PCI Root Bridge [PCI0] (domain 0000 [bus 00-ff])
Aug 29 05:37:47 merkur kernel: acpi PNP0A08:00: _OSC: OS supports [ExtendedConfig ASPM ClockPM Segments MSI]
Aug 29 05:37:47 merkur kernel: acpi PNP0A08:00: _OSC failed (AE_NOT_FOUND); disabling ASPM
Aug 29 05:37:47 merkur kernel: PCI host bridge to bus 0000:00
Aug 29 05:37:47 merkur kernel: pci_bus 0000:00: root bus resource [io  0x0000-0x03af window]
Aug 29 05:37:47 merkur kernel: pci_bus 0000:00: root bus resource [io  0x03e0-0x0cf7 window]
Aug 29 05:37:47 merkur kernel: pci_bus 0000:00: root bus resource [io  0x03b0-0x03df window]
Aug 29 05:37:47 merkur kernel: pci_bus 0000:00: root bus resource [io  0x0d00-0xffff window]
Aug 29 05:37:47 merkur kernel: pci_bus 0000:00: root bus resource [mem 0x000a0000-0x000bffff window]
Aug 29 05:37:47 merkur kernel: pci_bus 0000:00: root bus resource [mem 0x000c0000-0x000dffff window]
Aug 29 05:37:47 merkur kernel: pci_bus 0000:00: root bus resource [mem 0xc0000000-0xffffffff window]
Aug 29 05:37:47 merkur kernel: pci_bus 0000:00: root bus resource [bus 00-ff]
Aug 29 05:37:47 merkur kernel: pci 0000:00:00.0: [1002:5a14] type 00 class 0x060000
Aug 29 05:37:47 merkur kernel: pci 0000:00:04.0: [1002:5a18] type 01 class 0x060400
Aug 29 05:37:47 merkur kernel: pci 0000:00:04.0: PME# supported from D0 D3hot D3cold
Aug 29 05:37:47 merkur kernel: pci 0000:00:04.0: System wakeup disabled by ACPI
Aug 29 05:37:47 merkur kernel: pci 0000:00:05.0: [1002:5a19] type 01 class 0x060400
Aug 29 05:37:47 merkur kernel: pci 0000:00:05.0: PME# supported from D0 D3hot D3cold
Aug 29 05:37:47 merkur kernel: pci 0000:00:05.0: System wakeup disabled by ACPI
Aug 29 05:37:47 merkur kernel: pci 0000:00:06.0: [1002:5a1a] type 01 class 0x060400
Aug 29 05:37:47 merkur kernel: pci 0000:00:06.0: PME# supported from D0 D3hot D3cold
Aug 29 05:37:47 merkur kernel: pci 0000:00:06.0: System wakeup disabled by ACPI
Aug 29 05:37:47 merkur kernel: pci 0000:00:07.0: [1002:5a1b] type 01 class 0x060400
Aug 29 05:37:47 merkur kernel: pci 0000:00:07.0: PME# supported from D0 D3hot D3cold
Aug 29 05:37:47 merkur kernel: pci 0000:00:07.0: System wakeup disabled by ACPI
Aug 29 05:37:47 merkur kernel: pci 0000:00:0b.0: [1002:5a1f] type 01 class 0x060400
Aug 29 05:37:47 merkur kernel: pci 0000:00:0b.0: PME# supported from D0 D3hot D3cold
Aug 29 05:37:47 merkur kernel: pci 0000:00:0b.0: System wakeup disabled by ACPI
Aug 29 05:37:47 merkur kernel: pci 0000:00:11.0: [1002:4390] type 00 class 0x01018f
Aug 29 05:37:47 merkur kernel: pci 0000:00:11.0: reg 0x10: [io  0xf090-0xf097]
Aug 29 05:37:47 merkur kernel: pci 0000:00:11.0: reg 0x14: [io  0xf080-0xf083]
Aug 29 05:37:47 merkur kernel: pci 0000:00:11.0: reg 0x18: [io  0xf070-0xf077]
Aug 29 05:37:47 merkur kernel: pci 0000:00:11.0: reg 0x1c: [io  0xf060-0xf063]
Aug 29 05:37:47 merkur kernel: pci 0000:00:11.0: reg 0x20: [io  0xf050-0xf05f]
Aug 29 05:37:47 merkur kernel: pci 0000:00:11.0: reg 0x24: [mem 0xfe50b000-0xfe50b3ff]
Aug 29 05:37:47 merkur kernel: pci 0000:00:11.0: set SATA to AHCI mode
Aug 29 05:37:47 merkur kernel: pci 0000:00:12.0: [1002:4397] type 00 class 0x0c0310
Aug 29 05:37:47 merkur kernel: pci 0000:00:12.0: reg 0x10: [mem 0xfe50a000-0xfe50afff]
Aug 29 05:37:47 merkur kernel: pci 0000:00:12.0: System wakeup disabled by ACPI
Aug 29 05:37:47 merkur kernel: pci 0000:00:12.2: [1002:4396] type 00 class 0x0c0320
Aug 29 05:37:47 merkur kernel: pci 0000:00:12.2: reg 0x10: [mem 0xfe509000-0xfe5090ff]
Aug 29 05:37:47 merkur kernel: pci 0000:00:12.2: supports D1 D2
Aug 29 05:37:47 merkur kernel: pci 0000:00:12.2: PME# supported from D0 D1 D2 D3hot
Aug 29 05:37:47 merkur kernel: pci 0000:00:12.2: System wakeup disabled by ACPI
Aug 29 05:37:47 merkur kernel: pci 0000:00:13.0: [1002:4397] type 00 class 0x0c0310
Aug 29 05:37:47 merkur kernel: pci 0000:00:13.0: reg 0x10: [mem 0xfe508000-0xfe508fff]
Aug 29 05:37:47 merkur kernel: pci 0000:00:13.0: System wakeup disabled by ACPI
Aug 29 05:37:47 merkur kernel: pci 0000:00:13.2: [1002:4396] type 00 class 0x0c0320
Aug 29 05:37:47 merkur kernel: pci 0000:00:13.2: reg 0x10: [mem 0xfe507000-0xfe5070ff]
Aug 29 05:37:47 merkur kernel: pci 0000:00:13.2: supports D1 D2
Aug 29 05:37:47 merkur kernel: pci 0000:00:13.2: PME# supported from D0 D1 D2 D3hot
Aug 29 05:37:47 merkur kernel: pci 0000:00:13.2: System wakeup disabled by ACPI
Aug 29 05:37:47 merkur kernel: pci 0000:00:14.0: [1002:4385] type 00 class 0x0c0500
Aug 29 05:37:47 merkur kernel: pci 0000:00:14.1: [1002:439c] type 00 class 0x01018a
Aug 29 05:37:47 merkur kernel: pci 0000:00:14.1: reg 0x10: [io  0xf040-0xf047]
Aug 29 05:37:47 merkur kernel: pci 0000:00:14.1: reg 0x14: [io  0xf030-0xf033]
Aug 29 05:37:47 merkur kernel: pci 0000:00:14.1: reg 0x18: [io  0xf020-0xf027]
Aug 29 05:37:47 merkur kernel: pci 0000:00:14.1: reg 0x1c: [io  0xf010-0xf013]
Aug 29 05:37:47 merkur kernel: pci 0000:00:14.1: reg 0x20: [io  0xf000-0xf00f]
Aug 29 05:37:47 merkur kernel: pci 0000:00:14.1: legacy IDE quirk: reg 0x10: [io  0x01f0-0x01f7]
Aug 29 05:37:47 merkur kernel: pci 0000:00:14.1: legacy IDE quirk: reg 0x14: [io  0x03f6]
Aug 29 05:37:47 merkur kernel: pci 0000:00:14.1: legacy IDE quirk: reg 0x18: [io  0x0170-0x0177]
Aug 29 05:37:47 merkur kernel: pci 0000:00:14.1: legacy IDE quirk: reg 0x1c: [io  0x0376]
Aug 29 05:37:47 merkur kernel: pci 0000:00:14.2: [1002:4383] type 00 class 0x040300
Aug 29 05:37:47 merkur kernel: pci 0000:00:14.2: reg 0x10: [mem 0xfe500000-0xfe503fff 64bit]
Aug 29 05:37:47 merkur kernel: pci 0000:00:14.2: PME# supported from D0 D3hot D3cold
Aug 29 05:37:47 merkur kernel: pci 0000:00:14.2: System wakeup disabled by ACPI
Aug 29 05:37:47 merkur kernel: pci 0000:00:14.3: [1002:439d] type 00 class 0x060100
Aug 29 05:37:47 merkur kernel: pci 0000:00:14.4: [1002:4384] type 01 class 0x060401
Aug 29 05:37:47 merkur kernel: pci 0000:00:14.4: System wakeup disabled by ACPI
Aug 29 05:37:47 merkur kernel: pci 0000:00:14.5: [1002:4399] type 00 class 0x0c0310
Aug 29 05:37:47 merkur kernel: pci 0000:00:14.5: reg 0x10: [mem 0xfe506000-0xfe506fff]
Aug 29 05:37:47 merkur kernel: pci 0000:00:14.5: System wakeup disabled by ACPI
Aug 29 05:37:47 merkur kernel: pci 0000:00:15.0: [1002:43a0] type 01 class 0x060400
Aug 29 05:37:47 merkur kernel: pci 0000:00:15.0: supports D1 D2
Aug 29 05:37:47 merkur kernel: pci 0000:00:15.0: System wakeup disabled by ACPI
Aug 29 05:37:47 merkur kernel: pci 0000:00:15.1: [1002:43a1] type 01 class 0x060400
Aug 29 05:37:47 merkur kernel: pci 0000:00:15.1: supports D1 D2
Aug 29 05:37:47 merkur kernel: pci 0000:00:15.1: System wakeup disabled by ACPI
Aug 29 05:37:47 merkur kernel: pci 0000:00:16.0: [1002:4397] type 00 class 0x0c0310
Aug 29 05:37:47 merkur kernel: pci 0000:00:16.0: reg 0x10: [mem 0xfe505000-0xfe505fff]
Aug 29 05:37:47 merkur kernel: pci 0000:00:16.0: System wakeup disabled by ACPI
Aug 29 05:37:47 merkur kernel: pci 0000:00:16.2: [1002:4396] type 00 class 0x0c0320
Aug 29 05:37:47 merkur kernel: pci 0000:00:16.2: reg 0x10: [mem 0xfe504000-0xfe5040ff]
Aug 29 05:37:47 merkur kernel: pci 0000:00:16.2: supports D1 D2
Aug 29 05:37:47 merkur kernel: pci 0000:00:16.2: PME# supported from D0 D1 D2 D3hot
Aug 29 05:37:47 merkur kernel: pci 0000:00:16.2: System wakeup disabled by ACPI
Aug 29 05:37:47 merkur kernel: pci 0000:00:18.0: [1022:1600] type 00 class 0x060000
Aug 29 05:37:47 merkur kernel: pci 0000:00:18.1: [1022:1601] type 00 class 0x060000
Aug 29 05:37:47 merkur kernel: pci 0000:00:18.2: [1022:1602] type 00 class 0x060000
Aug 29 05:37:47 merkur kernel: pci 0000:00:18.3: [1022:1603] type 00 class 0x060000
Aug 29 05:37:47 merkur kernel: pci 0000:00:18.4: [1022:1604] type 00 class 0x060000
Aug 29 05:37:47 merkur kernel: pci 0000:00:18.5: [1022:1605] type 00 class 0x060000
Aug 29 05:37:47 merkur kernel: pci 0000:01:00.0: [197b:2362] type 00 class 0x010185
Aug 29 05:37:47 merkur kernel: pci 0000:01:00.0: reg 0x10: [io  0xe040-0xe047]
Aug 29 05:37:47 merkur kernel: pci 0000:01:00.0: reg 0x14: [io  0xe030-0xe033]
Aug 29 05:37:47 merkur kernel: pci 0000:01:00.0: reg 0x18: [io  0xe020-0xe027]
Aug 29 05:37:47 merkur kernel: pci 0000:01:00.0: reg 0x1c: [io  0xe010-0xe013]
Aug 29 05:37:47 merkur kernel: pci 0000:01:00.0: reg 0x20: [io  0xe000-0xe00f]
Aug 29 05:37:47 merkur kernel: pci 0000:01:00.0: reg 0x24: [mem 0xfe400000-0xfe4001ff]
Aug 29 05:37:47 merkur kernel: pci 0000:01:00.0: PME# supported from D3hot
Aug 29 05:37:47 merkur kernel: pci 0000:00:04.0: PCI bridge to [bus 01]
Aug 29 05:37:47 merkur kernel: pci 0000:00:04.0:   bridge window [io  0xe000-0xefff]
Aug 29 05:37:47 merkur kernel: pci 0000:00:04.0:   bridge window [mem 0xfe400000-0xfe4fffff]
Aug 29 05:37:47 merkur kernel: pci 0000:02:00.0: [10ec:8168] type 00 class 0x020000
Aug 29 05:37:47 merkur kernel: pci 0000:02:00.0: reg 0x10: [io  0xd000-0xd0ff]
Aug 29 05:37:47 merkur kernel: pci 0000:02:00.0: reg 0x18: [mem 0xd2104000-0xd2104fff 64bit pref]
Aug 29 05:37:47 merkur kernel: pci 0000:02:00.0: reg 0x20: [mem 0xd2100000-0xd2103fff 64bit pref]
Aug 29 05:37:47 merkur kernel: pci 0000:02:00.0: supports D1 D2
Aug 29 05:37:47 merkur kernel: pci 0000:02:00.0: PME# supported from D0 D1 D2 D3hot D3cold
Aug 29 05:37:47 merkur kernel: pci 0000:00:05.0: PCI bridge to [bus 02]
Aug 29 05:37:47 merkur kernel: pci 0000:00:05.0:   bridge window [io  0xd000-0xdfff]
Aug 29 05:37:47 merkur kernel: pci 0000:00:05.0:   bridge window [mem 0xd2100000-0xd21fffff 64bit pref]
Aug 29 05:37:47 merkur kernel: pci 0000:03:00.0: [1033:0194] type 00 class 0x0c0330
Aug 29 05:37:47 merkur kernel: pci 0000:03:00.0: reg 0x10: [mem 0xfe300000-0xfe301fff 64bit]
Aug 29 05:37:47 merkur kernel: pci 0000:03:00.0: PME# supported from D0 D3hot D3cold
Aug 29 05:37:47 merkur kernel: pci 0000:00:06.0: PCI bridge to [bus 03]
Aug 29 05:37:47 merkur kernel: pci 0000:00:06.0:   bridge window [mem 0xfe300000-0xfe3fffff]
Aug 29 05:37:47 merkur kernel: pci 0000:04:00.0: [1033:0194] type 00 class 0x0c0330
Aug 29 05:37:47 merkur kernel: pci 0000:04:00.0: reg 0x10: [mem 0xfe200000-0xfe201fff 64bit]
Aug 29 05:37:47 merkur kernel: pci 0000:04:00.0: PME# supported from D0 D3hot D3cold
Aug 29 05:37:47 merkur kernel: pci 0000:00:07.0: PCI bridge to [bus 04]
Aug 29 05:37:47 merkur kernel: pci 0000:00:07.0:   bridge window [mem 0xfe200000-0xfe2fffff]
Aug 29 05:37:47 merkur kernel: pci 0000:05:00.0: [10de:0a65] type 00 class 0x030000
Aug 29 05:37:47 merkur kernel: pci 0000:05:00.0: reg 0x10: [mem 0xfd000000-0xfdffffff]
Aug 29 05:37:47 merkur kernel: pci 0000:05:00.0: reg 0x14: [mem 0xc0000000-0xcfffffff 64bit pref]
Aug 29 05:37:47 merkur kernel: pci 0000:05:00.0: reg 0x1c: [mem 0xd0000000-0xd1ffffff 64bit pref]
Aug 29 05:37:47 merkur kernel: pci 0000:05:00.0: reg 0x24: [io  0xc000-0xc07f]
Aug 29 05:37:47 merkur kernel: pci 0000:05:00.0: reg 0x30: [mem 0xfe000000-0xfe07ffff pref]
Aug 29 05:37:47 merkur kernel: pci 0000:05:00.1: [10de:0be3] type 00 class 0x040300
Aug 29 05:37:47 merkur kernel: pci 0000:05:00.1: reg 0x10: [mem 0xfe080000-0xfe083fff]
Aug 29 05:37:47 merkur kernel: pci 0000:00:0b.0: PCI bridge to [bus 05]
Aug 29 05:37:47 merkur kernel: pci 0000:00:0b.0:   bridge window [io  0xc000-0xcfff]
Aug 29 05:37:47 merkur kernel: pci 0000:00:0b.0:   bridge window [mem 0xfd000000-0xfe0fffff]
Aug 29 05:37:47 merkur kernel: pci 0000:00:0b.0:   bridge window [mem 0xc0000000-0xd1ffffff 64bit pref]
Aug 29 05:37:47 merkur kernel: pci 0000:00:14.4: PCI bridge to [bus 06] (subtractive decode)
Aug 29 05:37:47 merkur kernel: pci 0000:00:14.4:   bridge window [io  0x0000-0x03af window] (subtractive decode)
Aug 29 05:37:47 merkur kernel: pci 0000:00:14.4:   bridge window [io  0x03e0-0x0cf7 window] (subtractive decode)
Aug 29 05:37:47 merkur kernel: pci 0000:00:14.4:   bridge window [io  0x03b0-0x03df window] (subtractive decode)
Aug 29 05:37:47 merkur kernel: pci 0000:00:14.4:   bridge window [io  0x0d00-0xffff window] (subtractive decode)
Aug 29 05:37:47 merkur kernel: pci 0000:00:14.4:   bridge window [mem 0x000a0000-0x000bffff window] (subtractive decode)
Aug 29 05:37:47 merkur kernel: pci 0000:00:14.4:   bridge window [mem 0x000c0000-0x000dffff window] (subtractive decode)
Aug 29 05:37:47 merkur kernel: pci 0000:00:14.4:   bridge window [mem 0xc0000000-0xffffffff window] (subtractive decode)
Aug 29 05:37:47 merkur kernel: pci 0000:00:15.0: PCI bridge to [bus 07]
Aug 29 05:37:47 merkur kernel: pci 0000:08:00.0: [1106:3403] type 00 class 0x0c0010
Aug 29 05:37:47 merkur kernel: pci 0000:08:00.0: reg 0x10: [mem 0xfe100000-0xfe1007ff 64bit]
Aug 29 05:37:47 merkur kernel: pci 0000:08:00.0: reg 0x18: [io  0xb000-0xb0ff]
Aug 29 05:37:47 merkur kernel: pci 0000:08:00.0: supports D2
Aug 29 05:37:47 merkur kernel: pci 0000:08:00.0: PME# supported from D2 D3hot D3cold
Aug 29 05:37:47 merkur kernel: pci 0000:00:15.1: PCI bridge to [bus 08]
Aug 29 05:37:47 merkur kernel: pci 0000:00:15.1:   bridge window [io  0xb000-0xbfff]
Aug 29 05:37:47 merkur kernel: pci 0000:00:15.1:   bridge window [mem 0xfe100000-0xfe1fffff]
Aug 29 05:37:47 merkur kernel: ACPI: PCI Interrupt Link [LNKA] (IRQs 4 7 10 11 14 15) *0
Aug 29 05:37:47 merkur kernel: ACPI: PCI Interrupt Link [LNKB] (IRQs 4 7 10 11 14 15) *0
Aug 29 05:37:47 merkur kernel: ACPI: PCI Interrupt Link [LNKC] (IRQs 4 7 10 11 14 15) *0
Aug 29 05:37:47 merkur kernel: ACPI: PCI Interrupt Link [LNKD] (IRQs 4 7 10 11 14 15) *0
Aug 29 05:37:47 merkur kernel: ACPI: PCI Interrupt Link [LNKE] (IRQs 4 7 10 11 14 15) *0
Aug 29 05:37:47 merkur kernel: ACPI: PCI Interrupt Link [LNKF] (IRQs 4 7 10 11 14 15) *0
Aug 29 05:37:47 merkur kernel: ACPI: PCI Interrupt Link [LNKG] (IRQs 4 7 10 11 14 15) *0
Aug 29 05:37:47 merkur kernel: ACPI: PCI Interrupt Link [LNKH] (IRQs 4 7 10 11 14 15) *0
Aug 29 05:37:47 merkur kernel: pci 0000:05:00.0: vgaarb: setting as boot VGA device
Aug 29 05:37:47 merkur kernel: pci 0000:05:00.0: vgaarb: VGA device added: decodes=io+mem,owns=io+mem,locks=none
Aug 29 05:37:47 merkur kernel: pci 0000:05:00.0: vgaarb: bridge control possible
Aug 29 05:37:47 merkur kernel: vgaarb: loaded
Aug 29 05:37:47 merkur kernel: EDAC MC: Ver: 3.0.0
Aug 29 05:37:47 merkur kernel: PCI: Using ACPI for IRQ routing
Aug 29 05:37:47 merkur kernel: PCI: pci_cache_line_size set to 64 bytes
Aug 29 05:37:47 merkur kernel: e820: reserve RAM buffer [mem 0x0009ec00-0x0009ffff]
Aug 29 05:37:47 merkur kernel: e820: reserve RAM buffer [mem 0xbeecb000-0xbfffffff]
Aug 29 05:37:47 merkur kernel: e820: reserve RAM buffer [mem 0xbf035000-0xbfffffff]
Aug 29 05:37:47 merkur kernel: e820: reserve RAM buffer [mem 0xbf2a5000-0xbfffffff]
Aug 29 05:37:47 merkur kernel: e820: reserve RAM buffer [mem 0xbf2b7000-0xbfffffff]
Aug 29 05:37:47 merkur kernel: e820: reserve RAM buffer [mem 0xbf77a000-0xbfffffff]
Aug 29 05:37:47 merkur kernel: e820: reserve RAM buffer [mem 0xbff00000-0xbfffffff]
Aug 29 05:37:47 merkur kernel: e820: reserve RAM buffer [mem 0x43f000000-0x43fffffff]
Aug 29 05:37:47 merkur kernel: hpet0: at MMIO 0xfed00000, IRQs 2, 8, 0
Aug 29 05:37:47 merkur kernel: hpet0: 3 comparators, 32-bit 14.318180 MHz counter
Aug 29 05:37:47 merkur kernel: clocksource: Switched to clocksource hpet
Aug 29 05:37:47 merkur kernel: [0;1;39mVFS: Disk quotas dquot_6.6.0[0m
Aug 29 05:37:47 merkur kernel: VFS: Dquot-cache hash table entries: 512 (order 0, 4096 bytes)
Aug 29 05:37:47 merkur kernel: pnp: PnP ACPI init
Aug 29 05:37:47 merkur kernel: system 00:00: [mem 0xe0000000-0xefffffff] has been reserved
Aug 29 05:37:47 merkur kernel: system 00:00: Plug and Play ACPI device, IDs PNP0c01 (active)
Aug 29 05:37:47 merkur kernel: system 00:01: [io  0x040b] has been reserved
Aug 29 05:37:47 merkur kernel: system 00:01: [io  0x04d6] has been reserved
Aug 29 05:37:47 merkur kernel: system 00:01: [io  0x0c00-0x0c01] has been reserved
Aug 29 05:37:47 merkur kernel: system 00:01: [io  0x0c14] has been reserved
Aug 29 05:37:47 merkur kernel: system 00:01: [io  0x0c50-0x0c51] has been reserved
Aug 29 05:37:47 merkur kernel: system 00:01: [io  0x0c52] has been reserved
Aug 29 05:37:47 merkur kernel: system 00:01: [io  0x0c6c] has been reserved
Aug 29 05:37:47 merkur kernel: system 00:01: [io  0x0c6f] has been reserved
Aug 29 05:37:47 merkur kernel: system 00:01: [io  0x0cd0-0x0cd1] has been reserved
Aug 29 05:37:47 merkur kernel: system 00:01: [io  0x0cd2-0x0cd3] has been reserved
Aug 29 05:37:47 merkur kernel: system 00:01: [io  0x0cd4-0x0cd5] has been reserved
Aug 29 05:37:47 merkur kernel: system 00:01: [io  0x0cd6-0x0cd7] has been reserved
Aug 29 05:37:47 merkur kernel: system 00:01: [io  0x0cd8-0x0cdf] has been reserved
Aug 29 05:37:47 merkur kernel: system 00:01: [io  0x0800-0x089f] has been reserved
Aug 29 05:37:47 merkur kernel: system 00:01: [io  0x0b20-0x0b3f] has been reserved
Aug 29 05:37:47 merkur kernel: system 00:01: [io  0x0900-0x090f] has been reserved
Aug 29 05:37:47 merkur kernel: system 00:01: [io  0x0910-0x091f] has been reserved
Aug 29 05:37:47 merkur kernel: system 00:01: [io  0xfe00-0xfefe] has been reserved
Aug 29 05:37:47 merkur kernel: system 00:01: [io  0x0485-0x0486] has been reserved
Aug 29 05:37:47 merkur kernel: system 00:01: [mem 0xfec00000-0xfec00fff] could not be reserved
Aug 29 05:37:47 merkur kernel: system 00:01: [mem 0xfee00000-0xfee00fff] has been reserved
Aug 29 05:37:47 merkur kernel: system 00:01: [mem 0xfed80000-0xfed8ffff] has been reserved
Aug 29 05:37:47 merkur kernel: system 00:01: [mem 0xfed61000-0xfed70fff] has been reserved
Aug 29 05:37:47 merkur kernel: system 00:01: [mem 0xfec10000-0xfec10fff] has been reserved
Aug 29 05:37:47 merkur kernel: system 00:01: [mem 0xfed00000-0xfed00fff] could not be reserved
Aug 29 05:37:47 merkur kernel: system 00:01: [mem 0xff800000-0xffffffff] has been reserved
Aug 29 05:37:47 merkur kernel: system 00:01: Plug and Play ACPI device, IDs PNP0c02 (active)
Aug 29 05:37:47 merkur kernel: system 00:02: [io  0x0a00-0x0a0f] has been reserved
Aug 29 05:37:47 merkur kernel: system 00:02: Plug and Play ACPI device, IDs PNP0c02 (active)
Aug 29 05:37:47 merkur kernel: pnp 00:03: Plug and Play ACPI device, IDs PNP0f03 PNP0f13 (active)
Aug 29 05:37:47 merkur kernel: pnp 00:04: [dma 0 disabled]
Aug 29 05:37:47 merkur kernel: pnp 00:04: Plug and Play ACPI device, IDs PNP0501 (active)
Aug 29 05:37:47 merkur kernel: pnp 00:05: Plug and Play ACPI device, IDs PNP0b00 (active)
Aug 29 05:37:47 merkur kernel: system 00:06: [io  0x04d0-0x04d1] has been reserved
Aug 29 05:37:47 merkur kernel: system 00:06: Plug and Play ACPI device, IDs PNP0c02 (active)
Aug 29 05:37:47 merkur kernel: system 00:07: Plug and Play ACPI device, IDs PNP0c02 (active)
Aug 29 05:37:47 merkur kernel: pnp 00:08: Plug and Play ACPI device, IDs PNP0303 PNP030b (active)
Aug 29 05:37:47 merkur kernel: system 00:09: Plug and Play ACPI device, IDs PNP0c02 (active)
Aug 29 05:37:47 merkur kernel: system 00:0a: [mem 0xfec20000-0xfec200ff] could not be reserved
Aug 29 05:37:47 merkur kernel: system 00:0a: Plug and Play ACPI device, IDs PNP0c02 (active)
Aug 29 05:37:47 merkur kernel: pnp: PnP ACPI: found 11 devices
Aug 29 05:37:47 merkur kernel: clocksource: acpi_pm: mask: 0xffffff max_cycles: 0xffffff, max_idle_ns: 2085701024 ns
Aug 29 05:37:47 merkur kernel: pci 0000:00:04.0: PCI bridge to [bus 01]
Aug 29 05:37:47 merkur kernel: pci 0000:00:04.0:   bridge window [io  0xe000-0xefff]
Aug 29 05:37:47 merkur kernel: pci 0000:00:04.0:   bridge window [mem 0xfe400000-0xfe4fffff]
Aug 29 05:37:47 merkur kernel: pci 0000:00:05.0: PCI bridge to [bus 02]
Aug 29 05:37:47 merkur kernel: pci 0000:00:05.0:   bridge window [io  0xd000-0xdfff]
Aug 29 05:37:47 merkur kernel: pci 0000:00:05.0:   bridge window [mem 0xd2100000-0xd21fffff 64bit pref]
Aug 29 05:37:47 merkur kernel: pci 0000:00:06.0: PCI bridge to [bus 03]
Aug 29 05:37:47 merkur kernel: pci 0000:00:06.0:   bridge window [mem 0xfe300000-0xfe3fffff]
Aug 29 05:37:47 merkur kernel: pci 0000:00:07.0: PCI bridge to [bus 04]
Aug 29 05:37:47 merkur kernel: pci 0000:00:07.0:   bridge window [mem 0xfe200000-0xfe2fffff]
Aug 29 05:37:47 merkur kernel: pci 0000:00:0b.0: PCI bridge to [bus 05]
Aug 29 05:37:47 merkur kernel: pci 0000:00:0b.0:   bridge window [io  0xc000-0xcfff]
Aug 29 05:37:47 merkur kernel: pci 0000:00:0b.0:   bridge window [mem 0xfd000000-0xfe0fffff]
Aug 29 05:37:47 merkur kernel: pci 0000:00:0b.0:   bridge window [mem 0xc0000000-0xd1ffffff 64bit pref]
Aug 29 05:37:47 merkur kernel: pci 0000:00:14.4: PCI bridge to [bus 06]
Aug 29 05:37:47 merkur kernel: pci 0000:00:15.0: PCI bridge to [bus 07]
Aug 29 05:37:47 merkur kernel: pci 0000:00:15.1: PCI bridge to [bus 08]
Aug 29 05:37:47 merkur kernel: pci 0000:00:15.1:   bridge window [io  0xb000-0xbfff]
Aug 29 05:37:47 merkur kernel: pci 0000:00:15.1:   bridge window [mem 0xfe100000-0xfe1fffff]
Aug 29 05:37:47 merkur kernel: pci_bus 0000:00: resource 4 [io  0x0000-0x03af window]
Aug 29 05:37:47 merkur kernel: pci_bus 0000:00: resource 5 [io  0x03e0-0x0cf7 window]
Aug 29 05:37:47 merkur kernel: pci_bus 0000:00: resource 6 [io  0x03b0-0x03df window]
Aug 29 05:37:47 merkur kernel: pci_bus 0000:00: resource 7 [io  0x0d00-0xffff window]
Aug 29 05:37:47 merkur kernel: pci_bus 0000:00: resource 8 [mem 0x000a0000-0x000bffff window]
Aug 29 05:37:47 merkur kernel: pci_bus 0000:00: resource 9 [mem 0x000c0000-0x000dffff window]
Aug 29 05:37:47 merkur kernel: pci_bus 0000:00: resource 10 [mem 0xc0000000-0xffffffff window]
Aug 29 05:37:47 merkur kernel: pci_bus 0000:01: resource 0 [io  0xe000-0xefff]
Aug 29 05:37:47 merkur kernel: pci_bus 0000:01: resource 1 [mem 0xfe400000-0xfe4fffff]
Aug 29 05:37:47 merkur kernel: pci_bus 0000:02: resource 0 [io  0xd000-0xdfff]
Aug 29 05:37:47 merkur kernel: pci_bus 0000:02: resource 2 [mem 0xd2100000-0xd21fffff 64bit pref]
Aug 29 05:37:47 merkur kernel: pci_bus 0000:03: resource 1 [mem 0xfe300000-0xfe3fffff]
Aug 29 05:37:47 merkur kernel: pci_bus 0000:04: resource 1 [mem 0xfe200000-0xfe2fffff]
Aug 29 05:37:47 merkur kernel: pci_bus 0000:05: resource 0 [io  0xc000-0xcfff]
Aug 29 05:37:47 merkur kernel: pci_bus 0000:05: resource 1 [mem 0xfd000000-0xfe0fffff]
Aug 29 05:37:47 merkur kernel: pci_bus 0000:05: resource 2 [mem 0xc0000000-0xd1ffffff 64bit pref]
Aug 29 05:37:47 merkur kernel: pci_bus 0000:06: resource 4 [io  0x0000-0x03af window]
Aug 29 05:37:47 merkur kernel: pci_bus 0000:06: resource 5 [io  0x03e0-0x0cf7 window]
Aug 29 05:37:47 merkur kernel: pci_bus 0000:06: resource 6 [io  0x03b0-0x03df window]
Aug 29 05:37:47 merkur kernel: pci_bus 0000:06: resource 7 [io  0x0d00-0xffff window]
Aug 29 05:37:47 merkur kernel: pci_bus 0000:06: resource 8 [mem 0x000a0000-0x000bffff window]
Aug 29 05:37:47 merkur kernel: pci_bus 0000:06: resource 9 [mem 0x000c0000-0x000dffff window]
Aug 29 05:37:47 merkur kernel: pci_bus 0000:06: resource 10 [mem 0xc0000000-0xffffffff window]
Aug 29 05:37:47 merkur kernel: pci_bus 0000:08: resource 0 [io  0xb000-0xbfff]
Aug 29 05:37:47 merkur kernel: pci_bus 0000:08: resource 1 [mem 0xfe100000-0xfe1fffff]
Aug 29 05:37:47 merkur kernel: NET: Registered protocol family 2
Aug 29 05:37:47 merkur kernel: TCP established hash table entries: 131072 (order: 8, 1048576 bytes)
Aug 29 05:37:47 merkur kernel: TCP bind hash table entries: 65536 (order: 8, 1048576 bytes)
Aug 29 05:37:47 merkur kernel: TCP: Hash tables configured (established 131072 bind 65536)
Aug 29 05:37:47 merkur kernel: UDP hash table entries: 8192 (order: 6, 262144 bytes)
Aug 29 05:37:47 merkur kernel: UDP-Lite hash table entries: 8192 (order: 6, 262144 bytes)
Aug 29 05:37:47 merkur kernel: NET: Registered protocol family 1
Aug 29 05:37:47 merkur kernel: pci 0000:05:00.0: Video device with shadowed ROM at [mem 0x000c0000-0x000dffff]
Aug 29 05:37:47 merkur kernel: PCI: CLS 64 bytes, default 64
Aug 29 05:37:47 merkur kernel: Unpacking initramfs...
Aug 29 05:37:47 merkur kernel: Freeing initrd memory: 20896K
Aug 29 05:37:47 merkur kernel: PCI-DMA: Disabling AGP.
Aug 29 05:37:47 merkur kernel: PCI-DMA: aperture base @ b4000000 size 65536 KB
Aug 29 05:37:47 merkur kernel: PCI-DMA: using GART IOMMU.
Aug 29 05:37:47 merkur kernel: PCI-DMA: Reserving 64MB of IOMMU area in the AGP aperture
Aug 29 05:37:47 merkur kernel: amd_uncore: AMD NB counters detected
Aug 29 05:37:47 merkur kernel: LVT offset 0 assigned for vector 0x400
Aug 29 05:37:47 merkur kernel: perf: AMD IBS detected (0x000000ff)
Aug 29 05:37:47 merkur kernel: audit: initializing netlink subsys (disabled)
Aug 29 05:37:47 merkur kernel: [0;1;39maudit: type=2000 audit(1503977859.350:1): state=initialized audit_enabled=0 res=1[0m
Aug 29 05:37:47 merkur kernel: workingset: timestamp_bits=40 max_order=22 bucket_order=0
Aug 29 05:37:47 merkur kernel: zbud: loaded
Aug 29 05:37:47 merkur kernel: [0;1;39mKey type asymmetric registered[0m
Aug 29 05:37:47 merkur kernel: [0;1;39mAsymmetric key parser 'x509' registered[0m
Aug 29 05:37:47 merkur kernel: Block layer SCSI generic (bsg) driver version 0.4 loaded (major 249)
Aug 29 05:37:47 merkur kernel: io scheduler noop registered
Aug 29 05:37:47 merkur kernel: io scheduler deadline registered
Aug 29 05:37:47 merkur kernel: io scheduler cfq registered (default)
Aug 29 05:37:47 merkur kernel: io scheduler mq-deadline registered
Aug 29 05:37:47 merkur kernel: GHES: HEST is not enabled!
Aug 29 05:37:47 merkur kernel: Serial: 8250/16550 driver, 4 ports, IRQ sharing enabled
Aug 29 05:37:47 merkur kernel: 00:04: ttyS0 at I/O 0x3f8 (irq = 4, base_baud = 115200) is a 16550A
Aug 29 05:37:47 merkur kernel: serial8250: ttyS1 at I/O 0x2f8 (irq = 3, base_baud = 115200) is a 16550A
Aug 29 05:37:47 merkur kernel: Linux agpgart interface v0.103
Aug 29 05:37:47 merkur kernel: AMD IOMMUv2 driver by Joerg Roedel <jroedel@suse.de>
Aug 29 05:37:47 merkur kernel: AMD IOMMUv2 functionality not available on this system
Aug 29 05:37:47 merkur kernel: i8042: PNP: PS/2 Controller [PNP0303:PS2K,PNP0f03:PS2M] at 0x60,0x64 irq 1,12
Aug 29 05:37:47 merkur kernel: serio: i8042 KBD port at 0x60,0x64 irq 1
Aug 29 05:37:47 merkur kernel: serio: i8042 AUX port at 0x60,0x64 irq 12
Aug 29 05:37:47 merkur kernel: mousedev: PS/2 mouse device common for all mice
Aug 29 05:37:47 merkur kernel: rtc_cmos 00:05: RTC can wake from S4
Aug 29 05:37:47 merkur kernel: rtc_cmos 00:05: rtc core: registered rtc_cmos as rtc0
Aug 29 05:37:47 merkur kernel: rtc_cmos 00:05: alarms up to one month, y3k, 114 bytes nvram, hpet irqs
Aug 29 05:37:47 merkur kernel: ledtrig-cpu: registered to indicate activity on CPUs
Aug 29 05:37:47 merkur kernel: NET: Registered protocol family 10
Aug 29 05:37:47 merkur kernel: Segment Routing with IPv6
Aug 29 05:37:47 merkur kernel: mip6: Mobile IPv6
Aug 29 05:37:47 merkur kernel: NET: Registered protocol family 17
Aug 29 05:37:47 merkur kernel: mpls_gso: MPLS GSO support
Aug 29 05:37:47 merkur kernel: microcode: CPU0: patch_level=0x06000629
Aug 29 05:37:47 merkur kernel: microcode: CPU1: patch_level=0x06000629
Aug 29 05:37:47 merkur kernel: microcode: CPU2: patch_level=0x06000629
Aug 29 05:37:47 merkur kernel: microcode: CPU3: patch_level=0x06000629
Aug 29 05:37:47 merkur kernel: microcode: CPU4: patch_level=0x06000629
Aug 29 05:37:47 merkur kernel: microcode: CPU5: patch_level=0x06000629
Aug 29 05:37:47 merkur kernel: microcode: Microcode Update Driver: v2.2.
Aug 29 05:37:47 merkur kernel: registered taskstats version 1
Aug 29 05:37:47 merkur kernel: zswap: loaded using pool lzo/zbud
Aug 29 05:37:47 merkur kernel: ima: No TPM chip found, activating TPM-bypass! (rc=-19)
Aug 29 05:37:47 merkur kernel: rtc_cmos 00:05: setting system clock to 2017-08-29 03:37:40 UTC (1503977860)
Aug 29 05:37:47 merkur kernel: PM: Hibernation image not present or could not be loaded.
Aug 29 05:37:47 merkur kernel: Freeing unused kernel memory: 1468K
Aug 29 05:37:47 merkur kernel: Write protecting the kernel read-only data: 12288k
Aug 29 05:37:47 merkur kernel: Freeing unused kernel memory: 1696K
Aug 29 05:37:47 merkur kernel: Freeing unused kernel memory: 1188K
Aug 29 05:37:47 merkur kernel: x86/mm: Checked W+X mappings: passed, no W+X pages found.
Aug 29 05:37:47 merkur kernel: r8169 Gigabit Ethernet driver 2.3LK-NAPI loaded
Aug 29 05:37:47 merkur kernel: [0;1;39mr8169 0000:02:00.0: can't disable ASPM; OS doesn't have ASPM control[0m
Aug 29 05:37:47 merkur kernel: r8169 0000:02:00.0 eth0: RTL8168evl/8111evl at 0xffffa275018a9000, d4:3d:7e:94:59:bb, XID 0c900800 IRQ 28
Aug 29 05:37:47 merkur kernel: r8169 0000:02:00.0 eth0: jumbo features [frames: 9200 bytes, tx checksumming: ko]
Aug 29 05:37:47 merkur kernel: [0;1;39mSCSI subsystem initialized[0m
Aug 29 05:37:47 merkur kernel: ACPI: bus type USB registered
Aug 29 05:37:47 merkur kernel: usbcore: registered new interface driver usbfs
Aug 29 05:37:47 merkur kernel: usbcore: registered new interface driver hub
Aug 29 05:37:47 merkur kernel: usbcore: registered new device driver usb
Aug 29 05:37:47 merkur kernel: piix4_smbus 0000:00:14.0: SMBus Host Controller at 0xb00, revision 0
Aug 29 05:37:47 merkur kernel: piix4_smbus 0000:00:14.0: Using register 0x2c for SMBus port selection
Aug 29 05:37:47 merkur kernel: ehci_hcd: USB 2.0 'Enhanced' Host Controller (EHCI) Driver
Aug 29 05:37:47 merkur kernel: piix4_smbus 0000:00:14.0: Auxiliary SMBus Host Controller at 0xb20
Aug 29 05:37:47 merkur kernel: ehci-pci: EHCI PCI platform driver
Aug 29 05:37:47 merkur kernel: ohci_hcd: USB 1.1 'Open' Host Controller (OHCI) Driver
Aug 29 05:37:47 merkur kernel: QUIRK: Enable AMD PLL fix
Aug 29 05:37:47 merkur kernel: ehci-pci 0000:00:12.2: EHCI Host Controller
Aug 29 05:37:47 merkur kernel: ehci-pci 0000:00:12.2: new USB bus registered, assigned bus number 1
Aug 29 05:37:47 merkur kernel: ehci-pci 0000:00:12.2: applying AMD SB700/SB800/Hudson-2/3 EHCI dummy qh workaround
Aug 29 05:37:47 merkur kernel: ehci-pci 0000:00:12.2: debug port 1
Aug 29 05:37:47 merkur kernel: ehci-pci 0000:00:12.2: irq 17, io mem 0xfe509000
Aug 29 05:37:47 merkur kernel: libata version 3.00 loaded.
Aug 29 05:37:47 merkur kernel: AVX version of gcm_enc/dec engaged.
Aug 29 05:37:47 merkur kernel: AES CTR mode by8 optimization enabled
Aug 29 05:37:47 merkur kernel: ehci-pci 0000:00:12.2: USB 2.0 started, EHCI 1.00
Aug 29 05:37:47 merkur kernel: usb usb1: New USB device found, idVendor=1d6b, idProduct=0002
Aug 29 05:37:47 merkur kernel: usb usb1: New USB device strings: Mfr=3, Product=2, SerialNumber=1
Aug 29 05:37:47 merkur kernel: usb usb1: Product: EHCI Host Controller
Aug 29 05:37:47 merkur kernel: usb usb1: Manufacturer: Linux 4.12.0-1-amd64 ehci_hcd
Aug 29 05:37:47 merkur kernel: usb usb1: SerialNumber: 0000:00:12.2
Aug 29 05:37:47 merkur kernel: hub 1-0:1.0: USB hub found
Aug 29 05:37:47 merkur kernel: hub 1-0:1.0: 5 ports detected
Aug 29 05:37:47 merkur kernel: xhci_hcd 0000:03:00.0: xHCI Host Controller
Aug 29 05:37:47 merkur kernel: xhci_hcd 0000:03:00.0: new USB bus registered, assigned bus number 2
Aug 29 05:37:47 merkur kernel: xhci_hcd 0000:03:00.0: hcc params 0x014042cb hci version 0x96 quirks 0x00000004
Aug 29 05:37:47 merkur kernel: usb usb2: New USB device found, idVendor=1d6b, idProduct=0002
Aug 29 05:37:47 merkur kernel: usb usb2: New USB device strings: Mfr=3, Product=2, SerialNumber=1
Aug 29 05:37:47 merkur kernel: usb usb2: Product: xHCI Host Controller
Aug 29 05:37:47 merkur kernel: usb usb2: Manufacturer: Linux 4.12.0-1-amd64 xhci-hcd
Aug 29 05:37:47 merkur kernel: usb usb2: SerialNumber: 0000:03:00.0
Aug 29 05:37:47 merkur kernel: hub 2-0:1.0: USB hub found
Aug 29 05:37:47 merkur kernel: hub 2-0:1.0: 2 ports detected
Aug 29 05:37:47 merkur kernel: xhci_hcd 0000:03:00.0: xHCI Host Controller
Aug 29 05:37:47 merkur kernel: xhci_hcd 0000:03:00.0: new USB bus registered, assigned bus number 3
Aug 29 05:37:47 merkur kernel: ehci-pci 0000:00:13.2: EHCI Host Controller
Aug 29 05:37:47 merkur kernel: ehci-pci 0000:00:13.2: new USB bus registered, assigned bus number 4
Aug 29 05:37:47 merkur kernel: ehci-pci 0000:00:13.2: applying AMD SB700/SB800/Hudson-2/3 EHCI dummy qh workaround
Aug 29 05:37:47 merkur kernel: ehci-pci 0000:00:13.2: debug port 1
Aug 29 05:37:47 merkur kernel: ehci-pci 0000:00:13.2: irq 17, io mem 0xfe507000
Aug 29 05:37:47 merkur kernel: usb usb3: We don't know the algorithms for LPM for this host, disabling LPM.
Aug 29 05:37:47 merkur kernel: usb usb3: New USB device found, idVendor=1d6b, idProduct=0003
Aug 29 05:37:47 merkur kernel: usb usb3: New USB device strings: Mfr=3, Product=2, SerialNumber=1
Aug 29 05:37:47 merkur kernel: usb usb3: Product: xHCI Host Controller
Aug 29 05:37:47 merkur kernel: usb usb3: Manufacturer: Linux 4.12.0-1-amd64 xhci-hcd
Aug 29 05:37:47 merkur kernel: usb usb3: SerialNumber: 0000:03:00.0
Aug 29 05:37:47 merkur kernel: hub 3-0:1.0: USB hub found
Aug 29 05:37:47 merkur kernel: hub 3-0:1.0: 2 ports detected
Aug 29 05:37:47 merkur kernel: ehci-pci 0000:00:13.2: USB 2.0 started, EHCI 1.00
Aug 29 05:37:47 merkur kernel: usb usb4: New USB device found, idVendor=1d6b, idProduct=0002
Aug 29 05:37:47 merkur kernel: usb usb4: New USB device strings: Mfr=3, Product=2, SerialNumber=1
Aug 29 05:37:47 merkur kernel: usb usb4: Product: EHCI Host Controller
Aug 29 05:37:47 merkur kernel: usb usb4: Manufacturer: Linux 4.12.0-1-amd64 ehci_hcd
Aug 29 05:37:47 merkur kernel: usb usb4: SerialNumber: 0000:00:13.2
Aug 29 05:37:47 merkur kernel: hub 4-0:1.0: USB hub found
Aug 29 05:37:47 merkur kernel: hub 4-0:1.0: 5 ports detected
Aug 29 05:37:47 merkur kernel: xhci_hcd 0000:04:00.0: xHCI Host Controller
Aug 29 05:37:47 merkur kernel: xhci_hcd 0000:04:00.0: new USB bus registered, assigned bus number 5
Aug 29 05:37:47 merkur kernel: xhci_hcd 0000:04:00.0: hcc params 0x014042cb hci version 0x96 quirks 0x00000004
Aug 29 05:37:47 merkur kernel: usb usb5: New USB device found, idVendor=1d6b, idProduct=0002
Aug 29 05:37:47 merkur kernel: usb usb5: New USB device strings: Mfr=3, Product=2, SerialNumber=1
Aug 29 05:37:47 merkur kernel: usb usb5: Product: xHCI Host Controller
Aug 29 05:37:47 merkur kernel: usb usb5: Manufacturer: Linux 4.12.0-1-amd64 xhci-hcd
Aug 29 05:37:47 merkur kernel: usb usb5: SerialNumber: 0000:04:00.0
Aug 29 05:37:47 merkur kernel: hub 5-0:1.0: USB hub found
Aug 29 05:37:47 merkur kernel: hub 5-0:1.0: 2 ports detected
Aug 29 05:37:47 merkur kernel: xhci_hcd 0000:04:00.0: xHCI Host Controller
Aug 29 05:37:47 merkur kernel: xhci_hcd 0000:04:00.0: new USB bus registered, assigned bus number 6
Aug 29 05:37:47 merkur kernel: scsi host0: pata_atiixp
Aug 29 05:37:47 merkur kernel: scsi host1: pata_atiixp
Aug 29 05:37:47 merkur kernel: ata1: PATA max UDMA/100 cmd 0x1f0 ctl 0x3f6 bmdma 0xf000 irq 14
Aug 29 05:37:47 merkur kernel: ata2: PATA max UDMA/100 cmd 0x170 ctl 0x376 bmdma 0xf008 irq 15
Aug 29 05:37:47 merkur kernel: ahci 0000:00:11.0: version 3.0
Aug 29 05:37:47 merkur kernel: ahci 0000:00:11.0: AHCI 0001.0200 32 slots 4 ports 6 Gbps 0xf impl SATA mode
Aug 29 05:37:47 merkur kernel: ahci 0000:00:11.0: flags: 64bit ncq sntf ilck pm led clo pmp pio slum part 
Aug 29 05:37:47 merkur kernel: scsi host2: ahci
Aug 29 05:37:47 merkur kernel: scsi host3: ahci
Aug 29 05:37:47 merkur kernel: scsi host4: ahci
Aug 29 05:37:47 merkur kernel: scsi host5: ahci
Aug 29 05:37:47 merkur kernel: ata3: SATA max UDMA/133 abar m1024@0xfe50b000 port 0xfe50b100 irq 19
Aug 29 05:37:47 merkur kernel: ata4: SATA max UDMA/133 abar m1024@0xfe50b000 port 0xfe50b180 irq 19
Aug 29 05:37:47 merkur kernel: ata5: SATA max UDMA/133 abar m1024@0xfe50b000 port 0xfe50b200 irq 19
Aug 29 05:37:47 merkur kernel: ata6: SATA max UDMA/133 abar m1024@0xfe50b000 port 0xfe50b280 irq 19
Aug 29 05:37:47 merkur kernel: ehci-pci 0000:00:16.2: EHCI Host Controller
Aug 29 05:37:47 merkur kernel: ehci-pci 0000:00:16.2: new USB bus registered, assigned bus number 7
Aug 29 05:37:47 merkur kernel: ehci-pci 0000:00:16.2: applying AMD SB700/SB800/Hudson-2/3 EHCI dummy qh workaround
Aug 29 05:37:47 merkur kernel: ehci-pci 0000:00:16.2: debug port 1
Aug 29 05:37:47 merkur kernel: ahci 0000:01:00.0: AHCI 0001.0100 32 slots 2 ports 3 Gbps 0x3 impl SATA mode
Aug 29 05:37:47 merkur kernel: ahci 0000:01:00.0: flags: 64bit ncq pm led clo pmp pio slum part 
Aug 29 05:37:47 merkur kernel: ehci-pci 0000:00:16.2: irq 17, io mem 0xfe504000
Aug 29 05:37:47 merkur kernel: scsi host6: ahci
Aug 29 05:37:47 merkur kernel: scsi host7: ahci
Aug 29 05:37:47 merkur kernel: ata7: SATA max UDMA/133 abar m512@0xfe400000 port 0xfe400100 irq 45
Aug 29 05:37:47 merkur kernel: ata8: SATA max UDMA/133 abar m512@0xfe400000 port 0xfe400180 irq 45
Aug 29 05:37:47 merkur kernel: usb usb6: We don't know the algorithms for LPM for this host, disabling LPM.
Aug 29 05:37:47 merkur kernel: usb usb6: New USB device found, idVendor=1d6b, idProduct=0003
Aug 29 05:37:47 merkur kernel: usb usb6: New USB device strings: Mfr=3, Product=2, SerialNumber=1
Aug 29 05:37:47 merkur kernel: usb usb6: Product: xHCI Host Controller
Aug 29 05:37:47 merkur kernel: usb usb6: Manufacturer: Linux 4.12.0-1-amd64 xhci-hcd
Aug 29 05:37:47 merkur kernel: usb usb6: SerialNumber: 0000:04:00.0
Aug 29 05:37:47 merkur kernel: hub 6-0:1.0: USB hub found
Aug 29 05:37:47 merkur kernel: hub 6-0:1.0: 2 ports detected
Aug 29 05:37:47 merkur kernel: ehci-pci 0000:00:16.2: USB 2.0 started, EHCI 1.00
Aug 29 05:37:47 merkur kernel: usb usb7: New USB device found, idVendor=1d6b, idProduct=0002
Aug 29 05:37:47 merkur kernel: usb usb7: New USB device strings: Mfr=3, Product=2, SerialNumber=1
Aug 29 05:37:47 merkur kernel: usb usb7: Product: EHCI Host Controller
Aug 29 05:37:47 merkur kernel: usb usb7: Manufacturer: Linux 4.12.0-1-amd64 ehci_hcd
Aug 29 05:37:47 merkur kernel: usb usb7: SerialNumber: 0000:00:16.2
Aug 29 05:37:47 merkur kernel: hub 7-0:1.0: USB hub found
Aug 29 05:37:47 merkur kernel: hub 7-0:1.0: 4 ports detected
Aug 29 05:37:47 merkur kernel: ohci-pci: OHCI PCI platform driver
Aug 29 05:37:47 merkur kernel: ohci-pci 0000:00:12.0: OHCI PCI host controller
Aug 29 05:37:47 merkur kernel: ohci-pci 0000:00:12.0: new USB bus registered, assigned bus number 8
Aug 29 05:37:47 merkur kernel: ohci-pci 0000:00:12.0: irq 18, io mem 0xfe50a000
Aug 29 05:37:47 merkur kernel: [0;1;39mfirewire_ohci 0000:08:00.0: added OHCI v1.10 device as card 0, 4 IR + 8 IT contexts, quirks 0x10[0m
Aug 29 05:37:47 merkur kernel: usb usb8: New USB device found, idVendor=1d6b, idProduct=0001
Aug 29 05:37:47 merkur kernel: usb usb8: New USB device strings: Mfr=3, Product=2, SerialNumber=1
Aug 29 05:37:47 merkur kernel: usb usb8: Product: OHCI PCI host controller
Aug 29 05:37:47 merkur kernel: usb usb8: Manufacturer: Linux 4.12.0-1-amd64 ohci_hcd
Aug 29 05:37:47 merkur kernel: usb usb8: SerialNumber: 0000:00:12.0
Aug 29 05:37:47 merkur kernel: hub 8-0:1.0: USB hub found
Aug 29 05:37:47 merkur kernel: hub 8-0:1.0: 5 ports detected
Aug 29 05:37:47 merkur kernel: ohci-pci 0000:00:13.0: OHCI PCI host controller
Aug 29 05:37:47 merkur kernel: ohci-pci 0000:00:13.0: new USB bus registered, assigned bus number 9
Aug 29 05:37:47 merkur kernel: ohci-pci 0000:00:13.0: irq 18, io mem 0xfe508000
Aug 29 05:37:47 merkur kernel: usb usb9: New USB device found, idVendor=1d6b, idProduct=0001
Aug 29 05:37:47 merkur kernel: usb usb9: New USB device strings: Mfr=3, Product=2, SerialNumber=1
Aug 29 05:37:47 merkur kernel: usb usb9: Product: OHCI PCI host controller
Aug 29 05:37:47 merkur kernel: usb usb9: Manufacturer: Linux 4.12.0-1-amd64 ohci_hcd
Aug 29 05:37:47 merkur kernel: usb usb9: SerialNumber: 0000:00:13.0
Aug 29 05:37:47 merkur kernel: hub 9-0:1.0: USB hub found
Aug 29 05:37:47 merkur kernel: hub 9-0:1.0: 5 ports detected
Aug 29 05:37:47 merkur kernel: ohci-pci 0000:00:14.5: OHCI PCI host controller
Aug 29 05:37:47 merkur kernel: ohci-pci 0000:00:14.5: new USB bus registered, assigned bus number 10
Aug 29 05:37:47 merkur kernel: ohci-pci 0000:00:14.5: irq 18, io mem 0xfe506000
Aug 29 05:37:47 merkur kernel: usb usb10: New USB device found, idVendor=1d6b, idProduct=0001
Aug 29 05:37:47 merkur kernel: usb usb10: New USB device strings: Mfr=3, Product=2, SerialNumber=1
Aug 29 05:37:47 merkur kernel: usb usb10: Product: OHCI PCI host controller
Aug 29 05:37:47 merkur kernel: usb usb10: Manufacturer: Linux 4.12.0-1-amd64 ohci_hcd
Aug 29 05:37:47 merkur kernel: usb usb10: SerialNumber: 0000:00:14.5
Aug 29 05:37:47 merkur kernel: hub 10-0:1.0: USB hub found
Aug 29 05:37:47 merkur kernel: hub 10-0:1.0: 2 ports detected
Aug 29 05:37:47 merkur kernel: ohci-pci 0000:00:16.0: OHCI PCI host controller
Aug 29 05:37:47 merkur kernel: ohci-pci 0000:00:16.0: new USB bus registered, assigned bus number 11
Aug 29 05:37:47 merkur kernel: ohci-pci 0000:00:16.0: irq 18, io mem 0xfe505000
Aug 29 05:37:47 merkur kernel: usb usb11: New USB device found, idVendor=1d6b, idProduct=0001
Aug 29 05:37:47 merkur kernel: usb usb11: New USB device strings: Mfr=3, Product=2, SerialNumber=1
Aug 29 05:37:47 merkur kernel: usb usb11: Product: OHCI PCI host controller
Aug 29 05:37:47 merkur kernel: usb usb11: Manufacturer: Linux 4.12.0-1-amd64 ohci_hcd
Aug 29 05:37:47 merkur kernel: usb usb11: SerialNumber: 0000:00:16.0
Aug 29 05:37:47 merkur kernel: hub 11-0:1.0: USB hub found
Aug 29 05:37:47 merkur kernel: hub 11-0:1.0: 4 ports detected
Aug 29 05:37:47 merkur kernel: ata7: SATA link down (SStatus 0 SControl 300)
Aug 29 05:37:47 merkur kernel: ata6: SATA link down (SStatus 0 SControl 300)
Aug 29 05:37:47 merkur kernel: ata8: SATA link down (SStatus 0 SControl 300)
Aug 29 05:37:47 merkur kernel: tsc: Refined TSC clocksource calibration: 3300.281 MHz
Aug 29 05:37:47 merkur kernel: clocksource: tsc: mask: 0xffffffffffffffff max_cycles: 0x2f92560d19b, max_idle_ns: 440795363626 ns
Aug 29 05:37:47 merkur kernel: ata1.00: ATA-8: WDC WD20EADS-00R6B0, 01.00A01, max UDMA/133
Aug 29 05:37:47 merkur kernel: ata1.00: 3907029168 sectors, multi 16: LBA48 NCQ (depth 0/32)
Aug 29 05:37:47 merkur kernel: [0;1;39mata1.00: limited to UDMA/33 due to 40-wire cable[0m
Aug 29 05:37:47 merkur kernel: ata1.00: configured for UDMA/33
Aug 29 05:37:47 merkur kernel: [0;1;39mscsi 0:0:0:0: Direct-Access     ATA      WDC WD20EADS-00R 0A01 PQ: 0 ANSI: 5[0m
Aug 29 05:37:47 merkur kernel: ata4: SATA link up 6.0 Gbps (SStatus 133 SControl 300)
Aug 29 05:37:47 merkur kernel: ata3: SATA link up 1.5 Gbps (SStatus 113 SControl 300)
Aug 29 05:37:47 merkur kernel: ata3.00: ATAPI: ATAPI   iHAS422   8, 4L11, max UDMA/100
Aug 29 05:37:47 merkur kernel: ata4.00: ATA-9: WDC WD2003FZEX-00Z4SA0, 01.01A01, max UDMA/133
Aug 29 05:37:47 merkur kernel: ata4.00: 3907029168 sectors, multi 16: LBA48 NCQ (depth 31/32), AA
Aug 29 05:37:47 merkur kernel: ata4.00: configured for UDMA/133
Aug 29 05:37:47 merkur kernel: ata3.00: configured for UDMA/100
Aug 29 05:37:47 merkur kernel: [0;1;39mscsi 2:0:0:0: CD-ROM            ATAPI    iHAS422   8      4L11 PQ: 0 ANSI: 5[0m
Aug 29 05:37:47 merkur kernel: [0;1;39mscsi 3:0:0:0: Direct-Access     ATA      WDC WD2003FZEX-0 1A01 PQ: 0 ANSI: 5[0m
Aug 29 05:37:47 merkur kernel: [0;1;39mfirewire_core 0000:08:00.0: created device fw0: GUID 0010dc0001d37ca8, S400[0m
Aug 29 05:37:47 merkur kernel: usb 8-4: new full-speed USB device number 2 using ohci-pci
Aug 29 05:37:47 merkur kernel: usb 11-2: new full-speed USB device number 2 using ohci-pci
Aug 29 05:37:47 merkur kernel: ata5: SATA link up 3.0 Gbps (SStatus 123 SControl 300)
Aug 29 05:37:47 merkur kernel: ata5.00: HPA detected: current 1953523055, native 1953525168
Aug 29 05:37:47 merkur kernel: ata5.00: ATA-8: WDC WD10EADS-00L5B1, 01.01A01, max UDMA/133
Aug 29 05:37:47 merkur kernel: ata5.00: 1953523055 sectors, multi 16: LBA48 NCQ (depth 31/32), AA
Aug 29 05:37:47 merkur kernel: ata5.00: configured for UDMA/133
Aug 29 05:37:47 merkur kernel: [0;1;39mscsi 4:0:0:0: Direct-Access     ATA      WDC WD10EADS-00L 1A01 PQ: 0 ANSI: 5[0m
Aug 29 05:37:47 merkur kernel: [0;1;39msd 3:0:0:0: [sdb] 3907029168 512-byte logical blocks: (2.00 TB/1.82 TiB)[0m
Aug 29 05:37:47 merkur kernel: [0;1;39msd 3:0:0:0: [sdb] 4096-byte physical blocks[0m
Aug 29 05:37:47 merkur kernel: [0;1;39msd 0:0:0:0: [sda] 3907029168 512-byte logical blocks: (2.00 TB/1.82 TiB)[0m
Aug 29 05:37:47 merkur kernel: [0;1;39msd 4:0:0:0: [sdc] 1953523055 512-byte logical blocks: (1.00 TB/932 GiB)[0m
Aug 29 05:37:47 merkur kernel: [0;1;39msd 3:0:0:0: [sdb] Write Protect is off[0m
Aug 29 05:37:47 merkur kernel: [0;1;39msd 0:0:0:0: [sda] Write Protect is off[0m
Aug 29 05:37:47 merkur kernel: sd 3:0:0:0: [sdb] Mode Sense: 00 3a 00 00
Aug 29 05:37:47 merkur kernel: sd 0:0:0:0: [sda] Mode Sense: 00 3a 00 00
Aug 29 05:37:47 merkur kernel: [0;1;39msd 4:0:0:0: [sdc] Write Protect is off[0m
Aug 29 05:37:47 merkur kernel: sd 4:0:0:0: [sdc] Mode Sense: 00 3a 00 00
Aug 29 05:37:47 merkur kernel: [0;1;39msd 3:0:0:0: [sdb] Write cache: enabled, read cache: enabled, doesn't support DPO or FUA[0m
Aug 29 05:37:47 merkur kernel: [0;1;39msd 0:0:0:0: [sda] Write cache: enabled, read cache: enabled, doesn't support DPO or FUA[0m
Aug 29 05:37:47 merkur kernel: [0;1;39msd 4:0:0:0: [sdc] Write cache: enabled, read cache: enabled, doesn't support DPO or FUA[0m
Aug 29 05:37:47 merkur kernel: sr 2:0:0:0: [sr0] scsi3-mmc drive: 48x/12x writer dvd-ram cd/rw xa/form2 cdda tray
Aug 29 05:37:47 merkur kernel: cdrom: Uniform CD-ROM driver Revision: 3.20
Aug 29 05:37:47 merkur kernel: sr 2:0:0:0: Attached scsi CD-ROM sr0
Aug 29 05:37:47 merkur kernel:  sdb: sdb1 sdb2 sdb3 < sdb5 sdb6 >
Aug 29 05:37:47 merkur kernel: [0;1;39msd 3:0:0:0: [sdb] Attached SCSI disk[0m
Aug 29 05:37:47 merkur kernel: usb 8-4: New USB device found, idVendor=1395, idProduct=0025
Aug 29 05:37:47 merkur kernel: usb 8-4: New USB device strings: Mfr=1, Product=2, SerialNumber=0
Aug 29 05:37:47 merkur kernel: usb 8-4: Product: Sennheiser USB headset
Aug 29 05:37:47 merkur kernel: usb 8-4: Manufacturer: Sennheiser Communications 
Aug 29 05:37:47 merkur kernel: hidraw: raw HID events driver (C) Jiri Kosina
Aug 29 05:37:47 merkur kernel: usbcore: registered new interface driver usbhid
Aug 29 05:37:47 merkur kernel: usbhid: USB HID core driver
Aug 29 05:37:47 merkur kernel: input: Sennheiser Communications  Sennheiser USB headset as /devices/pci0000:00/0000:00:12.0/usb8/8-4/8-4:1.3/0003:1395:0025.0001/input/input3
Aug 29 05:37:47 merkur kernel: usb 11-2: New USB device found, idVendor=0451, idProduct=1446
Aug 29 05:37:47 merkur kernel: usb 11-2: New USB device strings: Mfr=0, Product=0, SerialNumber=0
Aug 29 05:37:47 merkur kernel: hub 11-2:1.0: USB hub found
Aug 29 05:37:47 merkur kernel: hub 11-2:1.0: 4 ports detected
Aug 29 05:37:47 merkur kernel:  sdc: sdc1 sdc2 < sdc5 sdc6 sdc7 sdc8 sdc9 sdc10 sdc11 >
Aug 29 05:37:47 merkur kernel: [0;1;39msd 4:0:0:0: [sdc] Attached SCSI disk[0m
Aug 29 05:37:47 merkur kernel: hid-generic 0003:1395:0025.0001: input,hidraw0: USB HID v1.00 Device [Sennheiser Communications  Sennheiser USB headset] on usb-0000:00:12.0-4/input3
Aug 29 05:37:47 merkur kernel: input: ImPS/2 Logitech Wheel Mouse as /devices/platform/i8042/serio1/input/input2
Aug 29 05:37:47 merkur kernel: [0;1;39mrandom: fast init done[0m
Aug 29 05:37:47 merkur kernel: usb 11-2.1: new low-speed USB device number 3 using ohci-pci
Aug 29 05:37:47 merkur kernel:  sda: sda1
Aug 29 05:37:47 merkur kernel: [0;1;39msd 0:0:0:0: [sda] Attached SCSI disk[0m
Aug 29 05:37:47 merkur kernel: usb 11-2.1: New USB device found, idVendor=045e, idProduct=001d
Aug 29 05:37:47 merkur kernel: usb 11-2.1: New USB device strings: Mfr=0, Product=1, SerialNumber=0
Aug 29 05:37:47 merkur kernel: usb 11-2.1: Product: Microsoft Natural Keyboard Pro
Aug 29 05:37:47 merkur kernel: input: Microsoft Natural Keyboard Pro as /devices/pci0000:00/0000:00:16.0/usb11/11-2/11-2.1/11-2.1:1.0/0003:045E:001D.0002/input/input4
Aug 29 05:37:47 merkur kernel: hid-generic 0003:045E:001D.0002: input,hidraw1: USB HID v1.10 Keyboard [Microsoft Natural Keyboard Pro] on usb-0000:00:16.0-2.1/input0
Aug 29 05:37:47 merkur kernel: input: Microsoft Natural Keyboard Pro as /devices/pci0000:00/0000:00:16.0/usb11/11-2/11-2.1/11-2.1:1.1/0003:045E:001D.0003/input/input5
Aug 29 05:37:47 merkur kernel: clocksource: Switched to clocksource tsc
Aug 29 05:37:47 merkur kernel: hid-generic 0003:045E:001D.0003: input,hidraw2: USB HID v1.10 Device [Microsoft Natural Keyboard Pro] on usb-0000:00:16.0-2.1/input1
Aug 29 05:37:47 merkur kernel: raid6: sse2x1   gen()  4416 MB/s
Aug 29 05:37:47 merkur kernel: raid6: sse2x1   xor()  4563 MB/s
Aug 29 05:37:47 merkur kernel: raid6: sse2x2   gen()  8555 MB/s
Aug 29 05:37:47 merkur kernel: raid6: sse2x2   xor()  6596 MB/s
Aug 29 05:37:47 merkur kernel: raid6: sse2x4   gen() 11540 MB/s
Aug 29 05:37:47 merkur kernel: raid6: sse2x4   xor()  6917 MB/s
Aug 29 05:37:47 merkur kernel: raid6: using algorithm sse2x4 gen() 11540 MB/s
Aug 29 05:37:47 merkur kernel: raid6: .... xor() 6917 MB/s, rmw enabled
Aug 29 05:37:47 merkur kernel: raid6: using ssse3x2 recovery algorithm
Aug 29 05:37:47 merkur kernel: xor: automatically using best checksumming function   avx       
Aug 29 05:37:47 merkur kernel: async_tx: api initialized (async)
Aug 29 05:37:47 merkur kernel: Btrfs loaded, crc32c=crc32c-intel
Aug 29 05:37:47 merkur kernel: PM: Starting manual resume from disk
Aug 29 05:37:47 merkur kernel: PM: Hibernation image partition 8:40 present
Aug 29 05:37:47 merkur kernel: PM: Looking for hibernation image.
Aug 29 05:37:47 merkur kernel: PM: Image not found (code -22)
Aug 29 05:37:47 merkur kernel: PM: Hibernation image not present or could not be loaded.
Aug 29 05:37:47 merkur kernel: [0;1;39mrandom: crng init done[0m
Aug 29 05:37:47 merkur kernel: EXT4-fs (sdb6): mounted filesystem with ordered data mode. Opts: (null)
Aug 29 05:37:47 merkur kernel: ip_tables: (C) 2000-2006 Netfilter Core Team
Aug 29 05:37:47 merkur systemd[1]: systemd 234 running in system mode. (+PAM +AUDIT +SELINUX +IMA +APPARMOR +SMACK +SYSVINIT +UTMP +LIBCRYPTSETUP +GCRYPT +GNUTLS +ACL +XZ +LZ4 +SECCOMP +BLKID +ELFUTILS +KMOD -IDN2 +IDN default-hierarchy=hybrid)
Aug 29 05:37:47 merkur systemd[1]: Detected architecture x86-64.
Aug 29 05:37:47 merkur systemd[1]: Set hostname to <merkur>.
Aug 29 05:37:47 merkur systemd[1]: Listening on Journal Socket.
Aug 29 05:37:47 merkur systemd[1]: Created slice User and Session Slice.
Aug 29 05:37:47 merkur systemd[1]: Listening on RPCbind Server Activation Socket.
Aug 29 05:37:47 merkur systemd[1]: Listening on fsck to fsckd communication Socket.
Aug 29 05:37:47 merkur systemd[1]: Created slice System Slice.
Aug 29 05:37:47 merkur systemd[1]: Mounting RPC Pipe File System...
Aug 29 05:37:47 merkur systemd[1]: Reached target Slices.
Aug 29 05:37:47 merkur systemd-journald[343]: Journal started
Aug 29 05:37:47 merkur systemd-journald[343]: Runtime journal (/run/log/journal/def8c045fd9f46a5a25319bc988dc1af) is 8.0M, max 160.2M, 152.2M free.
Aug 29 05:37:47 merkur systemd[1]: Mounted Kernel Debug File System.
Aug 29 05:37:47 merkur systemd[1]: Mounted POSIX Message Queue File System.
Aug 29 05:37:47 merkur systemd[1]: Mounted Huge Pages File System.
Aug 29 05:37:47 merkur systemd[1]: Started Remount Root and Kernel File Systems.
Aug 29 05:37:47 merkur kernel: EXT4-fs (sdb6): re-mounted. Opts: errors=remount-ro
Aug 29 05:37:47 merkur systemd[1]: Starting Flush Journal to Persistent Storage...
Aug 29 05:37:47 merkur systemd[1]: Starting Load/Save Random Seed...
Aug 29 05:37:47 merkur systemd-modules-load[344]: Inserted module 'lp'
Aug 29 05:37:47 merkur kernel: lp: driver loaded but no devices found
Aug 29 05:37:47 merkur kernel: RPC: Registered named UNIX socket transport module.
Aug 29 05:37:47 merkur kernel: RPC: Registered udp transport module.
Aug 29 05:37:47 merkur kernel: RPC: Registered tcp transport module.
Aug 29 05:37:47 merkur kernel: RPC: Registered tcp NFSv4.1 backchannel transport module.
Aug 29 05:37:47 merkur systemd[1]: Starting udev Coldplug all Devices...
Aug 29 05:37:47 merkur systemd[1]: Mounted RPC Pipe File System.
Aug 29 05:37:47 merkur systemd-journald[343]: Runtime journal (/run/log/journal/def8c045fd9f46a5a25319bc988dc1af) is 8.0M, max 160.2M, 152.2M free.
Aug 29 05:37:47 merkur kernel: ppdev: user-space parallel port driver
Aug 29 05:37:47 merkur systemd-modules-load[344]: Inserted module 'ppdev'
Aug 29 05:37:47 merkur systemd-modules-load[344]: Inserted module 'parport_pc'
Aug 29 05:37:47 merkur systemd[1]: Started Flush Journal to Persistent Storage.
Aug 29 05:37:47 merkur systemd[1]: Started Load/Save Random Seed.
Aug 29 05:37:47 merkur systemd-modules-load[344]: Inserted module 'f71882fg'
Aug 29 05:37:47 merkur systemd[1]: Started udev Coldplug all Devices.
Aug 29 05:37:47 merkur systemd[1]: Started Load Kernel Modules.
Aug 29 05:37:47 merkur kernel: f71882fg: Found f71889a chip at 0x480, revision 49
Aug 29 05:37:47 merkur kernel: f71882fg f71882fg.1152: Fan: 1 is in duty-cycle mode
Aug 29 05:37:47 merkur kernel: f71882fg f71882fg.1152: Fan: 2 is in duty-cycle mode
Aug 29 05:37:47 merkur kernel: f71882fg f71882fg.1152: Fan: 3 is in duty-cycle mode
Aug 29 05:37:47 merkur kernel: [0;1;39mf71882fg f71882fg.1152: hwmon_device_register() is deprecated. Please convert the driver to use hwmon_device_register_with_info().[0m
Aug 29 05:37:47 merkur systemd[1]: Starting Apply Kernel Variables...
Aug 29 05:37:48 merkur systemd[1]: Started Apply Kernel Variables.
Aug 29 05:37:48 merkur keyboard-setup.sh[342]: Datei /tmp/tmpkbd.M1FFPK kann nicht geöffnet werden.
Aug 29 05:37:48 merkur systemd[1]: Started Create Static Device Nodes in /dev.
Aug 29 05:37:48 merkur systemd[1]: Starting udev Kernel Device Manager...
Aug 29 05:37:48 merkur systemd[1]: Started LVM2 metadata daemon.
Aug 29 05:37:48 merkur systemd[1]: Started Monitoring of LVM2 mirrors, snapshots etc. using dmeventd or progress polling.
Aug 29 05:37:49 merkur systemd[1]: Started udev Kernel Device Manager.
Aug 29 05:37:49 merkur kernel: acpi_cpufreq: overriding BIOS provided _PSD data
Aug 29 05:37:49 merkur kernel: shpchp: Standard Hot Plug PCI Controller Driver version: 0.4
Aug 29 05:37:49 merkur kernel: sp5100_tco: SP5100/SB800 TCO WatchDog Timer Driver v0.05
Aug 29 05:37:49 merkur kernel: sp5100_tco: PCI Vendor ID: 0x1002, Device ID: 0x4385, Revision ID: 0x42
Aug 29 05:37:49 merkur kernel: [0;1;31msp5100_tco: I/O address 0x0cd6 already in use[0m
Aug 29 05:37:49 merkur kernel: input: Power Button as /devices/LNXSYSTM:00/LNXSYBUS:00/PNP0C0C:00/input/input6
Aug 29 05:37:49 merkur kernel: ACPI: Power Button [PWRB]
Aug 29 05:37:49 merkur kernel: input: Power Button as /devices/LNXSYSTM:00/LNXPWRBN:00/input/input7
Aug 29 05:37:49 merkur kernel: ACPI: Power Button [PWRF]
Aug 29 05:37:49 merkur systemd-udevd[393]: link_config: autonegotiation is unset or enabled, the speed and duplex are not writable.
Aug 29 05:37:49 merkur kernel: [0;1;39msd 0:0:0:0: Attached scsi generic sg0 type 0[0m
Aug 29 05:37:49 merkur kernel: [0;1;39msr 2:0:0:0: Attached scsi generic sg1 type 5[0m
Aug 29 05:37:49 merkur kernel: [0;1;39msd 3:0:0:0: Attached scsi generic sg2 type 0[0m
Aug 29 05:37:49 merkur kernel: [0;1;39msd 4:0:0:0: Attached scsi generic sg3 type 0[0m
Aug 29 05:37:49 merkur kernel: wmi: Mapper loaded
Aug 29 05:37:50 merkur kernel: input: PC Speaker as /devices/platform/pcspkr/input/input8
Aug 29 05:37:50 merkur kernel: snd_hda_intel 0000:05:00.1: Disabling MSI
Aug 29 05:37:50 merkur kernel: snd_hda_intel 0000:05:00.1: Handle vga_switcheroo audio client
Aug 29 05:37:50 merkur kernel: snd_hda_codec_realtek hdaudioC0D0: autoconfig for ALC892: line_outs=4 (0x14/0x15/0x16/0x17/0x0) type:line
Aug 29 05:37:50 merkur kernel: snd_hda_codec_realtek hdaudioC0D0:    speaker_outs=0 (0x0/0x0/0x0/0x0/0x0)
Aug 29 05:37:50 merkur kernel: snd_hda_codec_realtek hdaudioC0D0:    hp_outs=1 (0x1b/0x0/0x0/0x0/0x0)
Aug 29 05:37:50 merkur kernel: snd_hda_codec_realtek hdaudioC0D0:    mono: mono_out=0x0
Aug 29 05:37:50 merkur kernel: snd_hda_codec_realtek hdaudioC0D0:    dig-out=0x11/0x1e
Aug 29 05:37:50 merkur kernel: snd_hda_codec_realtek hdaudioC0D0:    inputs:
Aug 29 05:37:50 merkur kernel: snd_hda_codec_realtek hdaudioC0D0:      Front Mic=0x19
Aug 29 05:37:50 merkur kernel: snd_hda_codec_realtek hdaudioC0D0:      Rear Mic=0x18
Aug 29 05:37:50 merkur kernel: snd_hda_codec_realtek hdaudioC0D0:      Line=0x1a
Aug 29 05:37:50 merkur kernel: input: HDA ATI SB Front Mic as /devices/pci0000:00/0000:00:14.2/sound/card0/input9
Aug 29 05:37:50 merkur kernel: input: HDA ATI SB Rear Mic as /devices/pci0000:00/0000:00:14.2/sound/card0/input10
Aug 29 05:37:50 merkur kernel: input: HDA ATI SB Line as /devices/pci0000:00/0000:00:14.2/sound/card0/input11
Aug 29 05:37:50 merkur kernel: input: HDA ATI SB Line Out Front as /devices/pci0000:00/0000:00:14.2/sound/card0/input12
Aug 29 05:37:50 merkur kernel: input: HDA ATI SB Line Out Surround as /devices/pci0000:00/0000:00:14.2/sound/card0/input13
Aug 29 05:37:50 merkur kernel: input: HDA ATI SB Line Out CLFE as /devices/pci0000:00/0000:00:14.2/sound/card0/input14
Aug 29 05:37:50 merkur kernel: input: HDA ATI SB Line Out Side as /devices/pci0000:00/0000:00:14.2/sound/card0/input15
Aug 29 05:37:50 merkur kernel: input: HDA ATI SB Front Headphone as /devices/pci0000:00/0000:00:14.2/sound/card0/input16
Aug 29 05:37:50 merkur systemd[1]: Found device WDC_WD20EADS-00R6B0 db.
Aug 29 05:37:50 merkur kernel: [0;1;39mMXM: GUID detected in BIOS[0m
Aug 29 05:37:50 merkur kernel: nouveau 0000:05:00.0: NVIDIA GT218 (0a8280b1)
Aug 29 05:37:50 merkur mtp-probe[542]: checking bus 8, device 2: "/sys/devices/pci0000:00/0000:00:12.0/usb8/8-4"
Aug 29 05:37:50 merkur mtp-probe[542]: bus: 8, device: 2 was not an MTP device
Aug 29 05:37:50 merkur kernel: nouveau 0000:05:00.0: bios: version 70.18.5f.00.06
Aug 29 05:37:50 merkur kernel: nouveau 0000:05:00.0: fb: 1024 MiB DDR3
Aug 29 05:37:51 merkur mtp-probe[569]: checking bus 11, device 3: "/sys/devices/pci0000:00/0000:00:16.0/usb11/11-2/11-2.1"
Aug 29 05:37:51 merkur mtp-probe[569]: bus: 11, device: 3 was not an MTP device
Aug 29 05:37:51 merkur systemd[1]: Found device WDC_WD2003FZEX-00Z4SA0 1.
Aug 29 05:37:51 merkur systemd[1]: Started Set the console keyboard layout.
Aug 29 05:37:51 merkur systemd[1]: Reached target Local File Systems (Pre).
Aug 29 05:37:51 merkur systemd[1]: Starting File System Check on /dev/disk/by-uuid/870b4397-ac5a-4802-a0bf-61bfbece0372...
Aug 29 05:37:51 merkur systemd[1]: Mounting /var/cache/pbuilder/build...
Aug 29 05:37:51 merkur systemd[1]: Starting File System Check on /dev/disk/by-uuid/1860de77-09a3-4ea0-9251-823df6da9fcb...
Aug 29 05:37:51 merkur systemd[1]: Mounted /var/cache/pbuilder/build.
Aug 29 05:37:51 merkur systemd[1]: Found device WDC_WD10EADS-00L5B1 8.
Aug 29 05:37:51 merkur systemd-udevd[393]: link_config: autonegotiation is unset or enabled, the speed and duplex are not writable.
Aug 29 05:37:51 merkur systemd[1]: Activating swap /dev/disk/by-uuid/280be05c-bfdf-45ef-a736-426736b8a241...
Aug 29 05:37:51 merkur systemd[1]: Started File System Check Daemon to report status.
Aug 29 05:37:51 merkur kernel: Adding 20479996k swap on /dev/sdc8.  Priority:-1 extents:1 across:20479996k FS
Aug 29 05:37:51 merkur systemd[1]: Activated swap /dev/disk/by-uuid/280be05c-bfdf-45ef-a736-426736b8a241.
Aug 29 05:37:51 merkur systemd-fsck[586]: /sbin/fsck.xfs: XFS file system.
Aug 29 05:37:51 merkur systemd[1]: Started File System Check on /dev/disk/by-uuid/870b4397-ac5a-4802-a0bf-61bfbece0372.
Aug 29 05:37:51 merkur systemd[1]: Mounting /db...
Aug 29 05:37:51 merkur systemd[1]: Reached target Sound Card.
Aug 29 05:37:51 merkur kernel: usbcore: registered new interface driver snd-usb-audio
Aug 29 05:37:51 merkur kernel: SGI XFS with ACLs, security attributes, realtime, no debug enabled
Aug 29 05:37:51 merkur kernel: [0;1;39mXFS (sda1): Mounting V4 Filesystem[0m
Aug 29 05:37:51 merkur kernel: kvm: Nested Virtualization enabled
Aug 29 05:37:51 merkur kernel: kvm: Nested Paging enabled
Aug 29 05:37:51 merkur systemd[1]: Found device WDC_WD2003FZEX-00Z4SA0 5.
Aug 29 05:37:51 merkur systemd[1]: Starting File System Check on /dev/disk/by-uuid/517ef937-fc16-4459-bc8e-8526cf2bab8f...
Aug 29 05:37:51 merkur kernel: MCE: In-kernel MCE decoding enabled.
Aug 29 05:37:51 merkur kernel: XFS (sda1): Ending clean mount
Aug 29 05:37:51 merkur systemd[1]: Mounted /db.
Aug 29 05:37:52 merkur kernel: EDAC amd64: Node 0: DRAM ECC disabled.
Aug 29 05:37:52 merkur kernel: EDAC amd64: ECC disabled in the BIOS or no ECC capability, module will not load.
                                Either enable ECC checking or force module loading by setting 'ecc_enable_override'.
                                (Note that use of the override may cause unknown side effects.)
Aug 29 05:37:52 merkur systemd[1]: Found device WDC_WD2003FZEX-00Z4SA0 2.
Aug 29 05:37:52 merkur systemd[1]: Activating swap /dev/disk/by-uuid/bb921c22-00a5-471d-8cf0-b1ed1cd07459...
Aug 29 05:37:52 merkur kernel: EDAC amd64: Node 0: DRAM ECC disabled.
Aug 29 05:37:52 merkur kernel: EDAC amd64: ECC disabled in the BIOS or no ECC capability, module will not load.
                                Either enable ECC checking or force module loading by setting 'ecc_enable_override'.
                                (Note that use of the override may cause unknown side effects.)
Aug 29 05:37:52 merkur kernel: input: HDA NVidia HDMI/DP,pcm=3 as /devices/pci0000:00/0000:00:0b.0/0000:05:00.1/sound/card1/input17
Aug 29 05:37:52 merkur kernel: input: HDA NVidia HDMI/DP,pcm=7 as /devices/pci0000:00/0000:00:0b.0/0000:05:00.1/sound/card1/input18
Aug 29 05:37:52 merkur kernel: input: HDA NVidia HDMI/DP,pcm=8 as /devices/pci0000:00/0000:00:0b.0/0000:05:00.1/sound/card1/input19
Aug 29 05:37:52 merkur kernel: input: HDA NVidia HDMI/DP,pcm=9 as /devices/pci0000:00/0000:00:0b.0/0000:05:00.1/sound/card1/input20
Aug 29 05:37:52 merkur systemd-fsck[588]: /dev/sdb1: sauber, 343/122160 Dateien, 25409/487936 Blöcke
Aug 29 05:37:52 merkur systemd[1]: Started File System Check on /dev/disk/by-uuid/1860de77-09a3-4ea0-9251-823df6da9fcb.
Aug 29 05:37:52 merkur kernel: EDAC amd64: Node 0: DRAM ECC disabled.
Aug 29 05:37:52 merkur kernel: EDAC amd64: ECC disabled in the BIOS or no ECC capability, module will not load.
                                Either enable ECC checking or force module loading by setting 'ecc_enable_override'.
                                (Note that use of the override may cause unknown side effects.)
Aug 29 05:37:52 merkur kernel: Adding 19530748k swap on /dev/sdb2.  Priority:-2 extents:1 across:19530748k FS
Aug 29 05:37:52 merkur systemd[1]: Mounting /boot...
Aug 29 05:37:52 merkur kernel: EDAC amd64: Node 0: DRAM ECC disabled.
Aug 29 05:37:52 merkur kernel: EDAC amd64: ECC disabled in the BIOS or no ECC capability, module will not load.
                                Either enable ECC checking or force module loading by setting 'ecc_enable_override'.
                                (Note that use of the override may cause unknown side effects.)
Aug 29 05:37:52 merkur systemd[1]: Activated swap /dev/disk/by-uuid/bb921c22-00a5-471d-8cf0-b1ed1cd07459.
Aug 29 05:37:52 merkur systemd[1]: Reached target Swap.
Aug 29 05:37:52 merkur kernel: [TTM] Zone  kernel: Available graphics memory: 8202540 kiB
Aug 29 05:37:52 merkur kernel: [TTM] Zone   dma32: Available graphics memory: 2097152 kiB
Aug 29 05:37:52 merkur kernel: [TTM] Initializing pool allocator
Aug 29 05:37:52 merkur kernel: [TTM] Initializing DMA pool allocator
Aug 29 05:37:52 merkur kernel: nouveau 0000:05:00.0: DRM: VRAM: 1024 MiB
Aug 29 05:37:52 merkur kernel: nouveau 0000:05:00.0: DRM: GART: 1048576 MiB
Aug 29 05:37:52 merkur kernel: nouveau 0000:05:00.0: DRM: TMDS table version 2.0
Aug 29 05:37:52 merkur kernel: nouveau 0000:05:00.0: DRM: DCB version 4.0
Aug 29 05:37:52 merkur kernel: nouveau 0000:05:00.0: DRM: DCB outp 00: 01000302 00020030
Aug 29 05:37:52 merkur kernel: nouveau 0000:05:00.0: DRM: DCB outp 01: 02000300 00000000
Aug 29 05:37:52 merkur kernel: nouveau 0000:05:00.0: DRM: DCB outp 02: 02011362 00020010
Aug 29 05:37:52 merkur kernel: nouveau 0000:05:00.0: DRM: DCB outp 03: 01022310 00000000
Aug 29 05:37:52 merkur kernel: nouveau 0000:05:00.0: DRM: DCB conn 00: 00001030
Aug 29 05:37:52 merkur kernel: nouveau 0000:05:00.0: DRM: DCB conn 01: 00002161
Aug 29 05:37:52 merkur kernel: nouveau 0000:05:00.0: DRM: DCB conn 02: 00000200
Aug 29 05:37:52 merkur kernel: [drm] Supports vblank timestamp caching Rev 2 (21.10.2013).
Aug 29 05:37:52 merkur kernel: [drm] Driver supports precise vblank timestamp query.
Aug 29 05:37:52 merkur kernel: [0;1;39mnouveau 0000:05:00.0: hwmon_device_register() is deprecated. Please convert the driver to use hwmon_device_register_with_info().[0m
Aug 29 05:37:52 merkur kernel: nouveau 0000:05:00.0: DRM: MM: using COPY for buffer copies
Aug 29 05:37:52 merkur kernel: EXT4-fs (sdb1): mounting ext2 file system using the ext4 subsystem
Aug 29 05:37:52 merkur kernel: nouveau 0000:05:00.0: DRM: allocated 1920x1080 fb: 0x70000, bo ffff8aa2689aa800
Aug 29 05:37:52 merkur kernel: fbcon: nouveaufb (fb0) is primary device
Aug 29 05:37:52 merkur systemd[1]: Mounted /boot.
Aug 29 05:37:52 merkur systemd-fsck[634]: /dev/sdb5: sauber, 214797/30523392 Dateien, 40274941/122070016 Blöcke
Aug 29 05:37:52 merkur systemd[1]: Started File System Check on /dev/disk/by-uuid/517ef937-fc16-4459-bc8e-8526cf2bab8f.
Aug 29 05:37:52 merkur systemd[1]: Mounting /home...
Aug 29 05:37:52 merkur kernel: EDAC amd64: Node 0: DRAM ECC disabled.
Aug 29 05:37:52 merkur kernel: EDAC amd64: ECC disabled in the BIOS or no ECC capability, module will not load.
                                Either enable ECC checking or force module loading by setting 'ecc_enable_override'.
                                (Note that use of the override may cause unknown side effects.)
Aug 29 05:37:52 merkur kernel: EXT4-fs (sdb1): mounted filesystem without journal. Opts: (null)
Aug 29 05:37:52 merkur kernel: EDAC amd64: Node 0: DRAM ECC disabled.
Aug 29 05:37:52 merkur kernel: EDAC amd64: ECC disabled in the BIOS or no ECC capability, module will not load.
                                Either enable ECC checking or force module loading by setting 'ecc_enable_override'.
                                (Note that use of the override may cause unknown side effects.)
Aug 29 05:37:52 merkur kernel: Console: switching to colour frame buffer device 240x67
Aug 29 05:37:52 merkur kernel: nouveau 0000:05:00.0: fb0: nouveaufb frame buffer device
Aug 29 05:37:52 merkur kernel: [drm] Initialized nouveau 1.3.1 20120801 for 0000:05:00.0 on minor 0
Aug 29 05:37:52 merkur systemd[1]: Mounted /home.
Aug 29 05:37:52 merkur systemd[1]: Reached target Local File Systems.
Aug 29 05:37:52 merkur kernel: EXT4-fs (sdb5): mounted filesystem with ordered data mode. Opts: (null)
Aug 29 05:37:52 merkur systemd[1]: Starting Create Volatile Files and Directories...
Aug 29 05:37:52 merkur systemd[1]: Starting Set console font and keymap...
Aug 29 05:37:52 merkur systemd[1]: Starting Raise network interfaces...
Aug 29 05:37:52 merkur systemd[1]: Starting Enable support for additional executable binary formats...
Aug 29 05:37:52 merkur systemd[1]: Starting Preprocess NFS configuration...
Aug 29 05:37:52 merkur systemd[1]: Started Set console font and keymap.
Aug 29 05:37:52 merkur systemd[1]: proc-sys-fs-binfmt_misc.automount: Got automount request for /proc/sys/fs/binfmt_misc, triggered by 682 (update-binfmts)
Aug 29 05:37:52 merkur systemd[1]: Mounting Arbitrary Executable File Formats File System...
Aug 29 05:37:52 merkur systemd[1]: Started Preprocess NFS configuration.
Aug 29 05:37:52 merkur systemd[1]: Reached target NFS client services.
Aug 29 05:37:52 merkur systemd[1]: Mounted Arbitrary Executable File Formats File System.
Aug 29 05:37:53 merkur systemd[1]: Started Create Volatile Files and Directories.
Aug 29 05:37:53 merkur systemd[1]: Starting RPC bind portmap service...
Aug 29 05:37:53 merkur systemd[1]: Starting Update UTMP about System Boot/Shutdown...
Aug 29 05:37:53 merkur systemd[1]: Started Enable support for additional executable binary formats.
Aug 29 05:37:53 merkur systemd[1]: Started Update UTMP about System Boot/Shutdown.
Aug 29 05:37:53 merkur systemd[1]: Reached target System Initialization.
Aug 29 05:37:54 merkur systemd[1]: Started Trigger anacron every hour.
Aug 29 05:37:54 merkur systemd[1]: Listening on CUPS Scheduler.
Aug 29 05:37:54 merkur systemd[1]: Starting Console System Startup Logging...
Aug 29 05:37:54 merkur systemd[1]: Listening on ACPID Listen Socket.
Aug 29 05:37:54 merkur systemd[1]: Started Daily Cleanup of Temporary Directories.
Aug 29 05:37:54 merkur systemd[1]: Listening on Avahi mDNS/DNS-SD Stack Activation Socket.
Aug 29 05:37:54 merkur systemd[1]: Started CUPS Scheduler.
Aug 29 05:37:54 merkur systemd[1]: Listening on GPS (Global Positioning System) Daemon Sockets.
Aug 29 05:37:54 merkur systemd[1]: Started ACPI Events Check.
Aug 29 05:37:54 merkur systemd[1]: Reached target Paths.
Aug 29 05:37:54 merkur systemd[1]: Listening on D-Bus System Message Bus Socket.
Aug 29 05:37:54 merkur systemd[1]: Listening on PC/SC Smart Card Daemon Activation Socket.
Aug 29 05:37:54 merkur systemd[1]: Listening on lircd.socket.
Aug 29 05:37:54 merkur systemd[1]: Started Clean PHP session files every 30 mins.
Aug 29 05:37:54 merkur systemd[1]: Listening on saned incoming socket.
Aug 29 05:37:54 merkur systemd[1]: Reached target Sockets.
Aug 29 05:37:54 merkur systemd[1]: Reached target Basic System.
Aug 29 05:37:54 merkur systemd[1]: Starting PostgreSQL Cluster 9.4-main...
Aug 29 05:37:54 merkur systemd[1]: Starting Restore /etc/resolv.conf if the system crashed before the ppp link was shut down...
Aug 29 05:37:54 merkur systemd[1]: Started irqbalance daemon.
Aug 29 05:37:54 merkur systemd[1]: Started Regular background program processing daemon.
Aug 29 05:37:54 merkur systemd[1]: Started Deferred execution scheduler.
Aug 29 05:37:54 merkur systemd[1]: Starting Modem Manager...
Aug 29 05:37:54 merkur systemd[1]: Started Self Monitoring and Reporting Technology (SMART) Daemon.
Aug 29 05:37:54 merkur systemd[1]: Started Convert IR remotes button presses to mouse movements and clicks.
Aug 29 05:37:54 merkur systemd[1]: Starting System Logging Service...
Aug 29 05:37:54 merkur systemd[1]: Starting Internet superserver...
Aug 29 05:37:54 merkur systemd[1]: Starting Accounts Service...
Aug 29 05:37:54 merkur systemd[1]: Started FUSE filesystem for LXC.
Aug 29 05:37:54 merkur systemd[1]: Started CUPS Scheduler.
Aug 29 05:37:54 merkur systemd[1]: Starting Login Service...
Aug 29 05:37:54 merkur systemd[1]: Started Run anacron jobs.
Aug 29 05:37:54 merkur cron[723]: (CRON) INFO (pidfile fd = 3)
Aug 29 05:37:54 merkur anacron[734]: [0;1;39mAnacron 2.3 started on 2017-08-29[0m
Aug 29 05:37:54 merkur systemd[1]: Starting IPMI event daemon...
Aug 29 05:37:54 merkur systemd[1]: Starting Disk Manager...
Aug 29 05:37:54 merkur systemd[1]: Starting Save/Restore Sound Card State...
Aug 29 05:37:54 merkur systemd[1]: Started Forward LIRC button presses as uinput events.
Aug 29 05:37:54 merkur systemd[1]: Started Handle events from IR remotes decoded by lircd(8).
Aug 29 05:37:54 merkur systemd[1]: Starting lircd(8) initialization helper tool...
Aug 29 05:37:54 merkur systemd[1]: Starting Munin Node...
Aug 29 05:37:55 merkur systemd[1]: Started GPS (Global Positioning System) Daemon.
Aug 29 05:37:55 merkur systemd[1]: Starting Recover schroot sessions...
Aug 29 05:37:55 merkur systemd[1]: Starting Avahi mDNS/DNS-SD Stack...
Aug 29 05:37:55 merkur systemd[1]: Started ACPI event daemon.
Aug 29 05:37:55 merkur systemd[1]: Starting RealtimeKit Scheduling Policy Service...
Aug 29 05:37:55 merkur systemd[1]: Started D-Bus System Message Bus.
Aug 29 05:37:55 merkur anacron[734]: [0;1;39mWill run job `cron.daily' in 5 min.[0m
Aug 29 05:37:55 merkur anacron[734]: [0;1;39mJobs will be executed sequentially[0m
Aug 29 05:37:55 merkur acpid[746]: starting up with netlink and the input layer
Aug 29 05:37:56 merkur kernel: [0;1;39mnew mount options do not match the existing superblock, will be ignored[0m
Aug 29 05:37:56 merkur lxcfs[731]: hierarchies:
Aug 29 05:37:56 merkur lxcfs[731]:   0: fd:   5: perf_event
Aug 29 05:37:56 merkur lxcfs[731]:   1: fd:   6: cpuset
Aug 29 05:37:56 merkur lxcfs[731]:   2: fd:   7: blkio
Aug 29 05:37:56 merkur lxcfs[731]:   3: fd:   8: net_cls,net_prio
Aug 29 05:37:56 merkur lxcfs[731]:   4: fd:   9: devices
Aug 29 05:37:56 merkur lxcfs[731]:   5: fd:  10: pids
Aug 29 05:37:56 merkur lxcfs[731]:   6: fd:  11: memory
Aug 29 05:37:56 merkur lxcfs[731]:   7: fd:  12: cpu,cpuacct
Aug 29 05:37:56 merkur lxcfs[731]:   8: fd:  13: freezer
Aug 29 05:37:56 merkur lxcfs[731]:   9: fd:  14: name=systemd
Aug 29 05:37:56 merkur lxcfs[731]:  10: fd:  15: unified
Aug 29 05:37:56 merkur cron[723]: (CRON) INFO (Running @reboot jobs)
Aug 29 05:37:56 merkur acpid[746]: 1 rule loaded
Aug 29 05:37:56 merkur acpid[746]: waiting for events: event logging is off
Aug 29 05:37:56 merkur udisksd[737]: [0;1;39mudisks daemon version 2.6.5 starting[0m
Aug 29 05:37:56 merkur avahi-daemon[745]: Found user 'avahi' (UID 106) and group 'avahi' (GID 112).
Aug 29 05:37:56 merkur avahi-daemon[745]: Successfully dropped root privileges.
Aug 29 05:37:56 merkur avahi-daemon[745]: avahi-daemon 0.6.32 starting up.
Aug 29 05:37:57 merkur kernel: fuse init (API version 7.26)
Aug 29 05:37:57 merkur ModemManager[725]: <info>  ModemManager (version 1.6.8) starting in system bus...
Aug 29 05:37:57 merkur rsyslogd[728]:  [origin software="rsyslogd" swVersion="8.28.0" x-pid="728" x-info="http://www.rsyslog.com"] start
Aug 29 05:37:57 merkur ipmievd[736]: Could not open device at /dev/ipmi0 or /dev/ipmi/0 or /dev/ipmidev/0: No such file or directory
Aug 29 05:37:58 merkur CRON[750]: pam_unix(cron:session): session opened for user logcheck by (uid=0)
Aug 29 05:37:58 merkur CRON[767]: (logcheck) CMD (   if [ -x /usr/sbin/logcheck ]; then nice -n10 /usr/sbin/logcheck -R; fi)
Aug 29 05:37:58 merkur lircmd[727]: lircd-0.10.0[727]: Notice: lircmd:  Opening log, level: Notice
Aug 29 05:37:58 merkur lircd-uinput[739]: lircd-0.10.0[739]: Info: lircd-uinput:  Opening log, level: Info
Aug 29 05:37:58 merkur lircd-uinput[739]: lircd-0.10.0[739]: Info: Reading data from /var/run/lirc/lircd, writing to /dev/uinput
Aug 29 05:37:58 merkur lircd-0.10.0[727]: [0;1;39mNotice: lircmd:  Opening log, level: Notice[0m
Aug 29 05:37:58 merkur lircd-0.10.0[739]: Info: lircd-uinput:  Opening log, level: Info
Aug 29 05:37:58 merkur lircd-0.10.0[739]: Info: Reading data from /var/run/lirc/lircd, writing to /dev/uinput
Aug 29 05:37:58 merkur kernel: input: lircd-uinput as /devices/virtual/input/input21
Aug 29 05:37:59 merkur smartd[726]: smartd 6.6 2016-05-31 r4324 [x86_64-linux-4.12.0-1-amd64] (local build)
Aug 29 05:37:59 merkur smartd[726]: Copyright (C) 2002-16, Bruce Allen, Christian Franke, www.smartmontools.org
Aug 29 05:37:59 merkur smartd[726]: Opened configuration file /etc/smartd.conf
Aug 29 05:37:59 merkur smartd[726]: Drive: DEVICESCAN, implied '-a' Directive on line 21 of file /etc/smartd.conf
Aug 29 05:37:59 merkur smartd[726]: Configuration file /etc/smartd.conf was parsed, found DEVICESCAN, scanning devices
Aug 29 05:37:59 merkur smartd[726]: Device: /dev/sda, type changed from 'scsi' to 'sat'
Aug 29 05:37:59 merkur smartd[726]: Device: /dev/sda [SAT], opened
Aug 29 05:37:59 merkur smartd[726]: Device: /dev/sda [SAT], WDC WD20EADS-00R6B0, S/N:WD-WCAVY0801884, WWN:5-0014ee-2adf5fd0a, FW:01.00A01, 2.00 TB
Aug 29 05:37:59 merkur smartd[726]: Device: /dev/sda [SAT], found in smartd database: Western Digital Caviar Green
Aug 29 05:37:59 merkur smartd[726]: Device: /dev/sda [SAT], is SMART capable. Adding to "monitor" list.
Aug 29 05:37:59 merkur smartd[726]: Device: /dev/sda [SAT], state read from /var/lib/smartmontools/smartd.WDC_WD20EADS_00R6B0-WD_WCAVY0801884.ata.state
Aug 29 05:37:59 merkur smartd[726]: Device: /dev/sdb, type changed from 'scsi' to 'sat'
Aug 29 05:37:59 merkur smartd[726]: Device: /dev/sdb [SAT], opened
Aug 29 05:37:59 merkur smartd[726]: Device: /dev/sdb [SAT], WDC WD2003FZEX-00Z4SA0, S/N:WD-WMC5C0D28ZJ5, WWN:5-0014ee-0ae8ee258, FW:01.01A01, 2.00 TB
Aug 29 05:37:59 merkur smartd[726]: Device: /dev/sdb [SAT], found in smartd database: Western Digital Black
Aug 29 05:38:00 merkur smartd[726]: Device: /dev/sdb [SAT], is SMART capable. Adding to "monitor" list.
Aug 29 05:38:00 merkur smartd[726]: Device: /dev/sdb [SAT], state read from /var/lib/smartmontools/smartd.WDC_WD2003FZEX_00Z4SA0-WD_WMC5C0D28ZJ5.ata.state
Aug 29 05:38:00 merkur smartd[726]: Device: /dev/sdc, type changed from 'scsi' to 'sat'
Aug 29 05:38:00 merkur smartd[726]: Device: /dev/sdc [SAT], opened
Aug 29 05:38:00 merkur smartd[726]: Device: /dev/sdc [SAT], WDC WD10EADS-00L5B1, S/N:WD-WCAU48625187, WWN:5-0014ee-1ac5008ba, FW:01.01A01, 1.00 TB
Aug 29 05:38:00 merkur smartd[726]: Device: /dev/sdc [SAT], found in smartd database: Western Digital Caviar Green
Aug 29 05:38:00 merkur smartd[726]: Device: /dev/sdc [SAT], is SMART capable. Adding to "monitor" list.
Aug 29 05:38:00 merkur systemd-udevd[401]: [0;1;39mProcess '/usr/sbin/alsactl -E HOME=/run/alsa restore 1' failed with exit code 99.[0m
Aug 29 05:38:01 merkur smartd[726]: Device: /dev/sdc [SAT], state read from /var/lib/smartmontools/smartd.WDC_WD10EADS_00L5B1-WD_WCAU48625187.ata.state
Aug 29 05:38:01 merkur smartd[726]: Monitoring 3 ATA/SATA, 0 SCSI/SAS and 0 NVMe devices
Aug 29 05:38:01 merkur smartd[726]: Device: /dev/sda [SAT], SMART Prefailure Attribute: 3 Spin_Up_Time changed from 153 to 152
Aug 29 05:38:01 merkur smartd[726]: Device: /dev/sda [SAT], SMART Usage Attribute: 194 Temperature_Celsius changed from 108 to 128
Aug 29 05:38:01 merkur smartd[726]: Device: /dev/sdb [SAT], SMART Usage Attribute: 194 Temperature_Celsius changed from 105 to 128
Aug 29 05:38:01 merkur smartd[726]: [0;1;31mDevice: /dev/sdc [SAT], 5 Currently unreadable (pending) sectors[0m
